Archive member included to satisfy reference by file (symbol)

..\..\..\STM32F4-Discovery\libpdmfilter_gcc.a(pdm_filter.o)
                              ..\obj\waverecorder.o (PDM_Filter_Init)
c:/program files/gnu tools arm embedded/6 2017-q1-update/bin/../lib/gcc/arm-none-eabi/6.3.1/thumb/v7e-m\libgcc.a(_arm_addsubdf3.o)
                              ..\..\..\STM32F4-Discovery\libpdmfilter_gcc.a(pdm_filter.o) (__aeabi_dadd)
c:/program files/gnu tools arm embedded/6 2017-q1-update/bin/../lib/gcc/arm-none-eabi/6.3.1/thumb/v7e-m\libgcc.a(_arm_muldivdf3.o)
                              ..\..\..\STM32F4-Discovery\libpdmfilter_gcc.a(pdm_filter.o) (__aeabi_dmul)
c:/program files/gnu tools arm embedded/6 2017-q1-update/bin/../lib/gcc/arm-none-eabi/6.3.1/thumb/v7e-m\libgcc.a(_arm_fixunsdfsi.o)
                              ..\..\..\STM32F4-Discovery\libpdmfilter_gcc.a(pdm_filter.o) (__aeabi_d2uiz)
c:/program files/gnu tools arm embedded/6 2017-q1-update/bin/../lib/gcc/arm-none-eabi/6.3.1/thumb/v7e-m\libgcc.a(_arm_muldivsf3.o)
                              ..\..\..\STM32F4-Discovery\libpdmfilter_gcc.a(pdm_filter.o) (__aeabi_fmul)
c:/program files/gnu tools arm embedded/6 2017-q1-update/bin/../lib/gcc/arm-none-eabi/6.3.1/thumb/v7e-m\libgcc.a(_arm_cmpsf2.o)
                              ..\..\..\STM32F4-Discovery\libpdmfilter_gcc.a(pdm_filter.o) (__aeabi_fcmpeq)
c:/program files/gnu tools arm embedded/6 2017-q1-update/bin/../lib/gcc/arm-none-eabi/6.3.1/../../../../arm-none-eabi/lib/thumb/v7e-m\libg.a(lib_a-memcpy.o)
                              ..\obj\mp3dec.o (memcpy)
c:/program files/gnu tools arm embedded/6 2017-q1-update/bin/../lib/gcc/arm-none-eabi/6.3.1/../../../../arm-none-eabi/lib/thumb/v7e-m\libg.a(lib_a-memmove.o)
                              ..\obj\mp3dec.o (memmove)
c:/program files/gnu tools arm embedded/6 2017-q1-update/bin/../lib/gcc/arm-none-eabi/6.3.1/../../../../arm-none-eabi/lib/thumb/v7e-m\libg.a(lib_a-memset.o)
                              ..\obj\mp3dec.o (memset)
c:/program files/gnu tools arm embedded/6 2017-q1-update/bin/../lib/gcc/arm-none-eabi/6.3.1/../../../../arm-none-eabi/lib/thumb/v7e-m\libg.a(lib_a-sprintf.o)
                              ..\obj\main.o (sprintf)
c:/program files/gnu tools arm embedded/6 2017-q1-update/bin/../lib/gcc/arm-none-eabi/6.3.1/../../../../arm-none-eabi/lib/thumb/v7e-m\libg.a(lib_a-strcmp.o)
                              ..\obj\main.o (strcmp)
c:/program files/gnu tools arm embedded/6 2017-q1-update/bin/../lib/gcc/arm-none-eabi/6.3.1/../../../../arm-none-eabi/lib/thumb/v7e-m\libg.a(lib_a-strncmp.o)
                              ..\obj\main.o (strncmp)
c:/program files/gnu tools arm embedded/6 2017-q1-update/bin/../lib/gcc/arm-none-eabi/6.3.1/../../../../arm-none-eabi/lib/thumb/v7e-m\libg.a(lib_a-strrchr.o)
                              ..\obj\main.o (strrchr)
c:/program files/gnu tools arm embedded/6 2017-q1-update/bin/../lib/gcc/arm-none-eabi/6.3.1/../../../../arm-none-eabi/lib/thumb/v7e-m\libg.a(lib_a-svfprintf.o)
                              c:/program files/gnu tools arm embedded/6 2017-q1-update/bin/../lib/gcc/arm-none-eabi/6.3.1/../../../../arm-none-eabi/lib/thumb/v7e-m\libg.a(lib_a-sprintf.o) (_svfprintf_r)
c:/program files/gnu tools arm embedded/6 2017-q1-update/bin/../lib/gcc/arm-none-eabi/6.3.1/../../../../arm-none-eabi/lib/thumb/v7e-m\libg.a(lib_a-dtoa.o)
                              c:/program files/gnu tools arm embedded/6 2017-q1-update/bin/../lib/gcc/arm-none-eabi/6.3.1/../../../../arm-none-eabi/lib/thumb/v7e-m\libg.a(lib_a-svfprintf.o) (_dtoa_r)
c:/program files/gnu tools arm embedded/6 2017-q1-update/bin/../lib/gcc/arm-none-eabi/6.3.1/../../../../arm-none-eabi/lib/thumb/v7e-m\libg.a(lib_a-impure.o)
                              c:/program files/gnu tools arm embedded/6 2017-q1-update/bin/../lib/gcc/arm-none-eabi/6.3.1/../../../../arm-none-eabi/lib/thumb/v7e-m\libg.a(lib_a-sprintf.o) (_impure_ptr)
c:/program files/gnu tools arm embedded/6 2017-q1-update/bin/../lib/gcc/arm-none-eabi/6.3.1/../../../../arm-none-eabi/lib/thumb/v7e-m\libg.a(lib_a-localeconv.o)
                              c:/program files/gnu tools arm embedded/6 2017-q1-update/bin/../lib/gcc/arm-none-eabi/6.3.1/../../../../arm-none-eabi/lib/thumb/v7e-m\libg.a(lib_a-svfprintf.o) (_localeconv_r)
c:/program files/gnu tools arm embedded/6 2017-q1-update/bin/../lib/gcc/arm-none-eabi/6.3.1/../../../../arm-none-eabi/lib/thumb/v7e-m\libg.a(lib_a-mallocr.o)
                              c:/program files/gnu tools arm embedded/6 2017-q1-update/bin/../lib/gcc/arm-none-eabi/6.3.1/../../../../arm-none-eabi/lib/thumb/v7e-m\libg.a(lib_a-svfprintf.o) (_malloc_r)
c:/program files/gnu tools arm embedded/6 2017-q1-update/bin/../lib/gcc/arm-none-eabi/6.3.1/../../../../arm-none-eabi/lib/thumb/v7e-m\libg.a(lib_a-memchr.o)
[...]
Memory Configuration

Name             Origin             Length             Attributes
rom              0x08000000         0x00100000         xr
ram              0x20000000         0x00020000         xrw
ram1             0x10000000         0x00010000         xrw
*default*        0x00000000         0xffffffff

Linker script and memory map

                0x20020000                _eram = 0x20020000

.text           0x08000000    0x1f0a5
 *(.isr_vector)
 .isr_vector    0x08000000      0x188 ..\obj\startup_stm32f4xx.o
                0x08000000                g_pfnVectors
 *(.text*)
 .text          0x08000188      0x2a8 ..\obj\usbh_msc_core.o
                0x080003fc                USBH_MSC_ErrorHandle
 .text          0x08000430       0x4c ..\obj\syscalls.o
                0x08000430                _sbrk
                0x0800044c                link
                0x08000454                _close
                0x0800045c                _fstat
                0x08000468                _isatty
                0x0800046c                _lseek
                0x08000470                _read
                0x08000474                _write
                0x08000478                abort
 .text          0x0800047c      0x1d4 ..\obj\stm32f4xx_it.o
                0x0800047c                NMI_Handler
                0x08000480                HardFault_Handler
                0x08000484                MemManage_Handler
                0x08000488                BusFault_Handler
                0x0800048c                UsageFault_Handler
                0x08000490                SVC_Handler
                0x08000494                DebugMon_Handler
                0x08000498                PendSV_Handler
                0x0800049c                SysTick_Handler
                0x080004c0                EXTI1_IRQHandler
                0x08000504                TIM4_IRQHandler
                0x080005f4                EXTI0_IRQHandler
                0x08000640                TIM2_IRQHandler
                0x08000644                OTG_FS_IRQHandler
 .text          0x08000650      0x388 ..\obj\stm32f4xx_spi.o
                0x08000650                SPI_I2S_DeInit
                0x080006bc                SPI_Init
                0x080006fc                I2S_Init
                0x080007d4                SPI_StructInit
                0x080007ec                I2S_StructInit
                0x080007fc                SPI_Cmd
                0x08000818                I2S_Cmd
                0x08000834                SPI_DataSizeConfig
                0x0800084c                SPI_BiDirectionalLineConfig
                0x0800086c                SPI_NSSInternalSoftwareConfig
                0x0800088c                SPI_SSOutputCmd
                0x080008a8                SPI_TIModeCmd
                0x080008c4                I2S_FullDuplexConfig
                0x0800090c                SPI_I2S_ReceiveData
                0x08000914                SPI_I2S_SendData
                0x08000918                SPI_CalculateCRC
                0x08000934                SPI_TransmitCRC
                0x08000940                SPI_GetCRC
                0x0800094c                SPI_GetCRCPolynomial
                0x08000954                SPI_I2S_DMACmd
                0x08000968                SPI_I2S_ITConfig
                0x08000988                SPI_I2S_GetFlagStatus
                0x08000994                SPI_I2S_ClearFlag
                0x0800099c                SPI_I2S_GetITStatus
                0x080009c4                SPI_I2S_ClearITPendingBit
 .text          0x080009d8      0x564 ..\obj\mp3dec.o
                0x080009d8                MP3InitDecoder
                0x080009dc                MP3FreeDecoder
                0x080009e4                MP3FindSyncWord
                0x08000a10                MP3GetLastFrameInfo
                0x08000a68                MP3GetNextFrameInfo
                0x08000ac8                MP3Decode
 .text          0x08000f3c      0xd94 ..\obj\usb_core.o
                0x08000f3c                USB_OTG_WritePacket
                0x08000f64                USB_OTG_ReadPacket
                0x08000f8c                USB_OTG_SelectCore
                0x080012e0                USB_OTG_CoreInit
                0x08001470                USB_OTG_EnableGlobalInt
                0x08001480                USB_OTG_DisableGlobalInt
                0x08001490                USB_OTG_FlushTxFifo
                0x080014d8                USB_OTG_FlushRxFifo
                0x08001518                USB_OTG_SetCurrentMode
                0x08001544                USB_OTG_GetMode
                0x08001550                USB_OTG_IsDeviceMode
                0x0800155c                USB_OTG_IsHostMode
                0x08001568                USB_OTG_ReadCoreItr
                0x08001574                USB_OTG_ReadOtgItr
                0x0800157c                USB_OTG_CoreInitHost
                0x0800175c                USB_OTG_IsEvenFrame
                0x08001768                USB_OTG_DriveVbus
                0x080017c0                USB_OTG_EnableHostInt
                0x080017fc                USB_OTG_InitFSLSPClkSel
                0x08001808                USB_OTG_ReadHPRT0
                0x08001814                USB_OTG_ReadHostAllChannels_intr
                0x0800181c                USB_OTG_ResetPort
                0x08001858                USB_OTG_HC_Init
                0x08001954                USB_OTG_HC_StartXfer
                0x08001a80                USB_OTG_HC_Halt
                0x08001ab8                USB_OTG_HC_DoPing
                0x08001adc                USB_OTG_StopHost
 .text          0x08001cd0     0x1780 ..\obj\stm32f4_discovery_audio_codec.o
                0x08001f18                EVAL_AUDIO_SetAudioInterface
                0x08001fb4                EVAL_AUDIO_Init
                0x08002a40                EVAL_AUDIO_DeInit
                0x08002b6c                EVAL_AUDIO_Play
                0x08002be8                EVAL_AUDIO_PauseResume
                0x08002e24                EVAL_AUDIO_Stop
                0x08002f94                EVAL_AUDIO_VolumeCtl
                0x08003140                EVAL_AUDIO_Mute
                0x08003214                DMA1_Stream7_IRQHandler
                0x080032c0                DMA1_Stream0_IRQHandler
                0x0800336c                SPI3_IRQHandler
                0x080033a8                Audio_MAL_Play
                0x08003400                DAC_Config
 .text          0x08003450     0x1684 ..\obj\bitstream.o
                0x08003450                xmp3fixpt_SetBitstreamPointer
                0x0800345c                xmp3fixpt_GetBits
                0x08003530                xmp3fixpt_CalcBitsUsed
                0x08003540                xmp3fixpt_CheckPadBit
                0x08003558                xmp3fixpt_UnpackFrameHeader
                0x08003748                xmp3fixpt_UnpackSideInfo
 .text          0x08004ad4      0x140 ..\obj\usbh_hcs.o
                0x08004ad4                USBH_Open_Channel
                0x08004b24                USBH_Modify_Channel
                0x08004b60                USBH_Alloc_Channel
                0x08004be8                USBH_Free_Channel
                0x08004c00                USBH_DeAllocate_AllChannel
 .text          0x08004c14      0x1f8 ..\obj\stm32f4xx_dac.o
                0x08004c14                DAC_DeInit
                0x08004c30                DAC_Init
                0x08004c60                DAC_StructInit
                0x08004c6c                DAC_Cmd
                0x08004c94                DAC_SoftwareTriggerCmd
                0x08004cc0                DAC_DualSoftwareTriggerCmd
                0x08004cdc                DAC_WaveGenerationCmd
                0x08004cfc                DAC_SetChannel1Data
                0x08004d1c                DAC_SetChannel2Data
                0x08004d3c                DAC_SetDualChannelData
                0x08004d54                DAC_GetDataOutputValue
                0x08004d78                DAC_DMACmd
                0x08004da4                DAC_ITConfig
                0x08004dc4                DAC_GetFlagStatus
                0x08004dd8                DAC_ClearFlag
                0x08004de4                DAC_GetITStatus
                0x08004e00                DAC_ClearITPendingBit
 .text          0x08004e0c      0x14c ..\obj\usb_hcd.o
                0x08004e0c                HCD_Init
                0x08004ef8                HCD_GetCurrentSpeed
                0x08004f04                HCD_ResetPort
                0x08004f10                HCD_IsDeviceConnected
                0x08004f18                HCD_GetCurrentFrame
                0x08004f20                HCD_GetURB_State
                0x08004f28                HCD_GetXferCnt
                0x08004f30                HCD_GetHCState
                0x08004f38                HCD_HC_Init
                0x08004f40                HCD_SubmitRequest
 .text          0x08004f58       0x80 ..\obj\stm32f4xx_syscfg.o
                0x08004f58                SYSCFG_DeInit
                0x08004f74                SYSCFG_MemoryRemapConfig
                0x08004f80                SYSCFG_EXTILineConfig
                0x08004fb0                SYSCFG_ETH_MediaInterfaceConfig
                0x08004fbc                SYSCFG_CompensationCellCmd
                0x08004fc8                SYSCFG_GetCompensationCellStatus
 .text          0x08004fd8       0x5c ..\obj\startup_stm32f4xx.o
                0x08004fd8                RTC_Alarm_IRQHandler
                0x08004fd8                HASH_RNG_IRQHandler
                0x08004fd8                EXTI2_IRQHandler
                0x08004fd8                TIM8_CC_IRQHandler
                0x08004fd8                TIM1_CC_IRQHandler
                0x08004fd8                DMA2_Stream5_IRQHandler
                0x08004fd8                DMA1_Stream5_IRQHandler
                0x08004fd8                PVD_IRQHandler
                0x08004fd8                SDIO_IRQHandler
                0x08004fd8                TAMP_STAMP_IRQHandler
                0x08004fd8                CAN2_RX1_IRQHandler
                0x08004fd8                EXTI3_IRQHandler
                0x08004fd8                TIM8_TRG_COM_TIM14_IRQHandler
                0x08004fd8                TIM1_UP_TIM10_IRQHandler
                0x08004fd8                TIM8_UP_TIM13_IRQHandler
                0x08004fd8                I2C3_ER_IRQHandler
                0x08004fd8                I2C2_EV_IRQHandler
                0x08004fd8                DMA1_Stream2_IRQHandler
                0x08004fd8                CAN1_RX0_IRQHandler
                0x08004fd8                FPU_IRQHandler
                0x08004fd8                OTG_HS_WKUP_IRQHandler
                0x08004fd8                CAN2_SCE_IRQHandler
                0x08004fd8                DMA2_Stream2_IRQHandler
                0x08004fd8                SPI1_IRQHandler
                0x08004fd8                TIM6_DAC_IRQHandler
                0x08004fd8                TIM1_BRK_TIM9_IRQHandler
                0x08004fd8                DCMI_IRQHandler
                0x08004fd8                CAN2_RX0_IRQHandler
                0x08004fd8                DMA2_Stream3_IRQHandler
                0x08004fd8                USART6_IRQHandler
                0x08004fd8                USART3_IRQHandler
                0x08004fd8                CRYP_IRQHandler
                0x08004fd8                DMA2_Stream6_IRQHandler
                0x08004fd8                CAN1_RX1_IRQHandler
                0x08004fd8                UART5_IRQHandler
                0x08004fd8                DMA2_Stream0_IRQHandler
                0x08004fd8                I2C1_EV_IRQHandler
                0x08004fd8                DMA1_Stream6_IRQHandler
                0x08004fd8                DMA1_Stream1_IRQHandler
                0x08004fd8                UART4_IRQHandler
                0x08004fd8                TIM3_IRQHandler
                0x08004fd8                RCC_IRQHandler
                0x08004fd8                TIM8_BRK_TIM12_IRQHandler
                0x08004fd8                EXTI15_10_IRQHandler
                0x08004fd8                ADC_IRQHandler
                0x08004fd8                I2C1_ER_IRQHandler
                0x08004fd8                TIM7_IRQHandler
                0x08004fd8                CAN2_TX_IRQHandler
                0x08004fd8                TIM5_IRQHandler
                0x08004fd8                DMA2_Stream7_IRQHandler
                0x08004fd8                I2C3_EV_IRQHandler
                0x08004fd8                EXTI9_5_IRQHandler
                0x08004fd8                RTC_WKUP_IRQHandler
                0x08004fd8                ETH_WKUP_IRQHandler
                0x08004fd8                OTG_HS_EP1_IN_IRQHandler
                0x08004fd8                CAN1_TX_IRQHandler
                0x08004fd8                EXTI4_IRQHandler
                0x08004fd8                FSMC_IRQHandler
                0x08004fd8                ETH_IRQHandler
                0x08004fd8                OTG_HS_EP1_OUT_IRQHandler
                0x08004fd8                WWDG_IRQHandler
                0x08004fd8                OTG_FS_WKUP_IRQHandler
                0x08004fd8                TIM1_TRG_COM_TIM11_IRQHandler
                0x08004fd8                OTG_HS_IRQHandler
                0x08004fd8                USART2_IRQHandler
                0x08004fd8                I2C2_ER_IRQHandler
                0x08004fd8                DMA2_Stream1_IRQHandler
                0x08004fd8                CAN1_SCE_IRQHandler
                0x08004fd8                FLASH_IRQHandler
                0x08004fd8                DMA2_Stream4_IRQHandler
                0x08004fd8                USART1_IRQHandler
                0x08004fd8                DMA1_Stream4_IRQHandler
                0x08004fd8                DMA1_Stream3_IRQHandler
                0x08004fdc                Reset_Handler
                0x08004fdc                Default_Reset_Handler
 .text          0x08005034      0xb44 ..\obj\stm32f4_discovery_lis302dl.o
                0x08005104                LIS302DL_Init
                0x080052f8                LIS302DL_FilterConfig
                0x080053ec                LIS302DL_InterruptConfig
                0x080054d8                LIS302DL_LowpowerCmd
                0x080055bc                LIS302DL_DataRateCmd
                0x080056a0                LIS302DL_FullScaleCmd
                0x08005784                LIS302DL_RebootCmd
                0x08005864                LIS302DL_Write
                0x0800594c                LIS302DL_Read
                0x08005a3c                LIS302DL_ReadACC
 .text          0x08005b78      0x46c ..\obj\stm32f4xx_rcc.o
                0x08005b78                RCC_DeInit
                0x08005bac                RCC_HSEConfig
                0x08005bbc                RCC_WaitForHSEStartUp
                0x08005bf0                RCC_AdjustHSICalibrationValue
                0x08005c04                RCC_HSICmd
                0x08005c10                RCC_LSEConfig
                0x08005c30                RCC_LSICmd
                0x08005c3c                RCC_PLLConfig
                0x08005c60                RCC_PLLCmd
                0x08005c6c                RCC_PLLI2SConfig
                0x08005c80                RCC_PLLI2SCmd
                0x08005c8c                RCC_ClockSecuritySystemCmd
                0x08005c98                RCC_MCO1Config
                0x08005cac                RCC_MCO2Config
                0x08005cc0                RCC_SYSCLKConfig
                0x08005cd4                RCC_GetSYSCLKSource
                0x08005ce4                RCC_HCLKConfig
                0x08005cf8                RCC_PCLK1Config
                0x08005d0c                RCC_PCLK2Config
                0x08005d20                RCC_GetClocksFreq
                0x08005dac                RCC_RTCCLKConfig
                0x08005ddc                RCC_RTCCLKCmd
                0x08005de8                RCC_BackupResetCmd
                0x08005df4                RCC_I2SCLKConfig
                0x08005e00                RCC_AHB1PeriphClockCmd
                0x08005e18                RCC_AHB2PeriphClockCmd
                0x08005e30                RCC_AHB3PeriphClockCmd
                0x08005e48                RCC_APB1PeriphClockCmd
                0x08005e60                RCC_APB2PeriphClockCmd
                0x08005e78                RCC_AHB1PeriphResetCmd
                0x08005e90                RCC_AHB2PeriphResetCmd
                0x08005ea8                RCC_AHB3PeriphResetCmd
                0x08005ec0                RCC_APB1PeriphResetCmd
                0x08005ed8                RCC_APB2PeriphResetCmd
                0x08005ef0                RCC_AHB1PeriphClockLPModeCmd
                0x08005f08                RCC_AHB2PeriphClockLPModeCmd
                0x08005f20                RCC_AHB3PeriphClockLPModeCmd
                0x08005f38                RCC_APB1PeriphClockLPModeCmd
                0x08005f50                RCC_APB2PeriphClockLPModeCmd
                0x08005f68                RCC_ITConfig
                0x08005f80                RCC_GetFlagStatus
                0x08005fb4                RCC_ClearFlag
                0x08005fc4                RCC_GetITStatus
                0x08005fd8                RCC_ClearITPendingBit
 .text          0x08005fe4      0x8a4 ..\obj\Audio.o
                0x08005fe4                InitializeAudio
                0x08006568                AudioOn
                0x080065c4                AudioOff
                0x08006620                SetAudioVolume
                0x080066c0                OutputAudioSample
                0x080066d4                OutputAudioSampleWithoutBlocking
                0x080066e0                PlayAudioWithCallback
                0x0800673c                StopAudio
                0x08006784                ProvideAudioBuffer
                0x0800680c                ProvideAudioBufferWithoutBlocking
 .text          0x08006888      0x178 ..\obj\system_stm32f4xx.o
                0x08006888                SystemInit
                0x08006998                SystemCoreClockUpdate
 .text          0x08006a00      0x38c ..\obj\usbh_msc_bot.o
                0x08006a00                USBH_MSC_Init
                0x08006a40                USBH_MSC_HandleBOTXfer
                0x08006cf0                USBH_MSC_BOT_Abort
                0x08006d2c                USBH_MSC_DecodeCSW
 .text          0x08006d8c      0x1f4 ..\obj\usbh_usr.o
                0x08006d8c                USBH_USR_DeviceSpeedDetected
                0x08006d90                USBH_USR_Configuration_DescAvailable
                0x08006d94                USBH_USR_SerialNum_String
                0x08006d98                USBH_USR_UserInput
                0x08006d9c                USBH_USR_OverCurrentDetected
                0x08006da0                USBH_USR_DeInit
                0x08006dac                USBH_USR_DeviceAttached
                0x08006de0                USBH_USR_DeviceDisconnected
                0x08006e40                USBH_USR_Manufacturer_String
                0x08006e44                USBH_USR_Product_String
                0x08006e48                USBH_USR_Device_DescAvailable
                0x08006e4c                USBH_USR_ResetDevice
                0x08006e50                USBH_USR_DeviceAddressAssigned
                0x08006e54                USBH_USR_DeviceNotSupported
                0x08006e58                USBH_USR_Init
                0x08006e5c                USBH_USR_UnrecoveredError
                0x08006e60                USBH_USR_EnumerationDone
                0x08006ed8                USBH_USR_MSC_Application
                0x08006f50                COMMAND_AudioExecuteApplication
 .text          0x08006f80      0x174 ..\obj\usbh_msc_fatfs.o
                0x08006f80                disk_initialize
                0x08006fa0                disk_status
                0x08006fb4                disk_read
                0x08007028                disk_write
                0x080070ac                disk_ioctl
 .text          0x080070f4      0x2dc ..\obj\usbh_stdreq.o
                0x080070f4                USBH_Get_DevDesc
                0x080071ac                USBH_Get_CfgDesc
                0x080072d4                USBH_Get_StringDesc
                0x08007340                USBH_GetDescriptor
                0x08007374                USBH_SetAddress
                0x0800738c                USBH_SetCfg
                0x080073a4                USBH_ClrFeature
 .text          0x080073d0      0x830 ..\obj\polyphase.o
                0x080073d0                xmp3fixpt_PolyphaseMono
                0x080076b0                xmp3fixpt_PolyphaseStereo
 .text          0x08007c00      0x1a8 ..\obj\main.o
                0x08007d88                get_filename_ext
                0x08007da4                _init
 .text.startup  0x08007da8      0x45c ..\obj\main.o
                0x08007da8                main
 .text          0x08008204      0x260 ..\obj\stm32f4xx_gpio.o
                0x08008204                GPIO_DeInit
                0x0800831c                GPIO_Init
                0x080083c4                GPIO_StructInit
                0x080083d0                GPIO_PinLockConfig
                0x080083f4                GPIO_ReadInputDataBit
                0x08008400                GPIO_ReadInputData
                0x08008408                GPIO_ReadOutputDataBit
                0x08008414                GPIO_ReadOutputData
                0x0800841c                GPIO_SetBits
                0x08008420                GPIO_ResetBits
                0x08008424                GPIO_WriteBit
                0x08008430                GPIO_Write
                0x08008434                GPIO_ToggleBits
                0x0800843c                GPIO_PinAFConfig
 .text          0x08008464      0x460 ..\obj\dqchan.o
                0x08008630                xmp3fixpt_DequantChannel
 .text          0x080088c4      0x370 ..\obj\stm32f4xx_dma.o
                0x080088c4                DMA_DeInit
                0x080089ec                DMA_Init
                0x08008a44                DMA_StructInit
                0x08008a68                DMA_Cmd
                0x08008a7c                DMA_PeriphIncOffsetSizeConfig
                0x08008a90                DMA_FlowControllerConfig
                0x08008aa4                DMA_SetCurrDataCounter
                0x08008aa8                DMA_GetCurrDataCounter
                0x08008ab0                DMA_DoubleBufferModeConfig
                0x08008ac8                DMA_DoubleBufferModeCmd
                0x08008adc                DMA_MemoryTargetConfig
                0x08008ae8                DMA_GetCurrentMemoryTarget
                0x08008af0                DMA_GetCmdStatus
                0x08008af8                DMA_GetFIFOStatus
                0x08008b00                DMA_GetFlagStatus
                0x08008b38                DMA_ClearFlag
                0x08008b6c                DMA_ITConfig
                0x08008bac                DMA_GetITStatus
                0x08008c00                DMA_ClearITPendingBit
 .text          0x08008c34      0x7a4 ..\obj\huffman.o
                0x08008c34                xmp3fixpt_DecodeHuffman
 .text          0x080093d8      0x1e0 ..\obj\usbh_ioreq.o
                0x080093d8                USBH_CtlReq
                0x0800942c                USBH_CtlSendSetup
                0x0800945c                USBH_CtlSendData
                0x080094a4                USBH_CtlReceiveData
                0x080094d0                USBH_BulkSendData
                0x08009504                USBH_BulkReceiveData
                0x08009538                USBH_InterruptReceiveData
                0x08009578                USBH_InterruptSendData
 .text          0x080095b8       0xa0 ..\obj\buffers.o
                0x080095b8                xmp3fixpt_AllocateBuffers
                0x08009654                xmp3fixpt_FreeBuffers
 .text          0x08009658        0x4 ..\obj\fattime.o
                0x08009658                get_fattime
 .text          0x0800965c      0x2d0 ..\obj\usb_bsp.o
                0x0800965c                BSP_Init
                0x08009664                USB_OTG_BSP_Init
                0x08009710                USB_OTG_BSP_EnableInterrupt
                0x08009740                USB_OTG_BSP_DriveVBUS
                0x08009758                USB_OTG_BSP_ConfigVBUS
                0x080097fc                USB_OTG_BSP_uDelay
                0x08009878                USB_OTG_BSP_mDelay
                0x080098f4                USB_OTG_BSP_TimerIRQ
 .text          0x0800992c       0xc4 ..\obj\misc.o
                0x0800992c                NVIC_PriorityGroupConfig
                0x08009940                NVIC_Init
                0x080099a8                NVIC_SetVectorTable
                0x080099bc                NVIC_SystemLPConfig
                0x080099d8                SysTick_CLKSourceConfig
 .text          0x080099f0      0x638 ..\obj\waveplayer.o
                0x080099f0                WavePlayerPauseResume
                0x080099f4                WaveplayerCtrlVolume
                0x08009a00                WavePlayerStop
                0x08009a08                WavePlayerInit
                0x08009b50                WavePlayBack
                0x08009cd8                LIS302DL_TIMEOUT_UserCallback
                0x08009cdc                AudioFlashPlay
                0x08009ce8                EVAL_AUDIO_TransferComplete_CallBack
                0x08009d18                EVAL_AUDIO_HalfTransfer_CallBack
                0x08009d1c                EVAL_AUDIO_Error_CallBack
                0x08009d20                EVAL_AUDIO_GetSampleCallBack
                0x08009d24                Codec_TIMEOUT_UserCallback
                0x08009d28                Delay
                0x08009d54                TimingDelay_Decrement
                0x08009d88                WavePlayerStart
                0x08009f90                WavePlayer_CallBack
                0x08009ffc                ReadUnit
 .text          0x0800a028      0x458 ..\obj\stm32f4xx_i2c.o
                0x0800a028                I2C_DeInit
                0x0800a094                I2C_Init
                0x0800a178                I2C_StructInit
                0x0800a198                I2C_Cmd
                0x0800a1b4                I2C_GenerateSTART
                0x0800a1d0                I2C_GenerateSTOP
                0x0800a1ec                I2C_Send7bitAddress
                0x0800a204                I2C_AcknowledgeConfig
                0x0800a220                I2C_OwnAddress2Config
                0x0800a234                I2C_DualAddressCmd
                0x0800a250                I2C_GeneralCallCmd
                0x0800a26c                I2C_SoftwareResetCmd
                0x0800a288                I2C_StretchClockCmd
                0x0800a2a4                I2C_FastModeDutyCycleConfig
                0x0800a2c4                I2C_NACKPositionConfig
                0x0800a2e4                I2C_SMBusAlertConfig
                0x0800a304                I2C_ARPCmd
                0x0800a320                I2C_SendData
                0x0800a324                I2C_ReceiveData
                0x0800a32c                I2C_TransmitPEC
                0x0800a348                I2C_PECPositionConfig
                0x0800a368                I2C_CalculatePEC
                0x0800a384                I2C_GetPEC
                0x0800a38c                I2C_DMACmd
                0x0800a3a8                I2C_DMALastTransferCmd
                0x0800a3c4                I2C_ReadRegister
                0x0800a3dc                I2C_ITConfig
                0x0800a3f0                I2C_CheckEvent
                0x0800a40c                I2C_GetLastEvent
                0x0800a41c                I2C_GetFlagStatus
                0x0800a454                I2C_ClearFlag
                0x0800a45c                I2C_GetITStatus
                0x0800a478                I2C_ClearITPendingBit
 .text          0x0800a480      0x4b4 ..\obj\waverecorder.o
                0x0800a580                WaveRecorderInit
                0x0800a598                WaveRecorderStart
                0x0800a5d0                WaveRecorderStop
                0x0800a5f0                SPI2_IRQHandler
                0x0800a644                WavaRecorderHeaderInit
                0x0800a69c                WaveRecorderUpdate
 .text          0x0800a934      0x68c ..\obj\usbh_core.o
                0x0800a934                USBH_Connect
                0x0800a944                USBH_Disconnect
                0x0800a954                USBH_Init
                0x0800a9c8                USBH_DeInit
                0x0800a9f8                USBH_ErrorHandle
                0x0800aa24                USBH_HandleControl
                0x0800abec                USBH_Process
 .text          0x0800afc0      0x884 ..\obj\scalfact.o
                0x0800afc0                xmp3fixpt_UnpackScaleFactors
 .text          0x0800b844     0x26c8 ..\obj\imdct.o
                0x0800c27c                xmp3fixpt_IMDCT
 .text          0x0800df0c      0x67c ..\obj\stproc.o
                0x0800df0c                xmp3fixpt_MidSideProc
                0x0800df70                xmp3fixpt_IntensityProcMPEG1
                0x0800e2c4                xmp3fixpt_IntensityProcMPEG2
 .text          0x0800e588      0x274 ..\obj\dequant.o
                0x0800e588                xmp3fixpt_Dequantize
 .text          0x0800e7fc      0x100 ..\obj\stm32f4xx_exti.o
                0x0800e7fc                EXTI_DeInit
                0x0800e818                EXTI_Init
                0x0800e894                EXTI_StructInit
                0x0800e8a4                EXTI_GenerateSWInterrupt
                0x0800e8b4                EXTI_GetFlagStatus
                0x0800e8c8                EXTI_ClearFlag
                0x0800e8d4                EXTI_GetITStatus
                0x0800e8f0                EXTI_ClearITPendingBit
 .text          0x0800e8fc     0x4c08 ..\obj\ff.o
                0x0801005c                clust2sect
                0x08010074                get_fat
                0x08010318                put_fat
                0x080105fc                f_mount
                0x0801061c                f_open
                0x08010b44                f_read
                0x08010ec4                f_write
                0x08011290                f_sync
                0x080113b8                f_close
                0x080114e8                f_lseek
                0x08011678                f_opendir
                0x0801198c                f_readdir
                0x08011b90                f_stat
                0x08011e8c                f_getfree
                0x08012018                f_truncate
                0x080120f0                f_unlink
                0x0801262c                f_mkdir
                0x080129a0                f_chmod
                0x08012cd0                f_utime
                0x08013000                f_rename
 .text          0x08013504      0xa40 ..\obj\dct32.o
                0x08013504                xmp3fixpt_FDCT32
 .text          0x08013f44      0x118 ..\obj\subband.o
                0x08013f44                xmp3fixpt_Subband
 .text          0x0801405c      0xd94 ..\obj\stm32f4xx_tim.o
                0x0801405c                TIM_DeInit
                0x08014214                TIM_TimeBaseInit
                0x080142b0                TIM_TimeBaseStructInit
                0x080142c0                TIM_PrescalerConfig
                0x080142c8                TIM_CounterModeConfig
                0x080142d8                TIM_SetCounter
                0x080142dc                TIM_SetAutoreload
                0x080142e0                TIM_GetCounter
                0x080142e4                TIM_GetPrescaler
                0x080142ec                TIM_UpdateDisableConfig
                0x08014308                TIM_UpdateRequestConfig
                0x08014324                TIM_ARRPreloadConfig
                0x08014340                TIM_SelectOnePulseMode
                0x08014358                TIM_SetClockDivision
                0x08014370                TIM_Cmd
                0x0801438c                TIM_OC1Init
                0x08014404                TIM_OC2Init
                0x0801448c                TIM_OC3Init
                0x0801451c                TIM_OC4Init
                0x08014588                TIM_OCStructInit
                0x08014598                TIM_SelectOCxM
                0x080145e4                TIM_SetCompare1
                0x080145e8                TIM_SetCompare2
                0x080145ec                TIM_SetCompare3
                0x080145f0                TIM_SetCompare4
                0x080145f4                TIM_ForcedOC1Config
                0x08014604                TIM_ForcedOC2Config
                0x08014618                TIM_ForcedOC3Config
                0x08014628                TIM_ForcedOC4Config
                0x0801463c                TIM_OC1PreloadConfig
                0x0801464c                TIM_OC2PreloadConfig
                0x08014660                TIM_OC3PreloadConfig
                0x08014670                TIM_OC4PreloadConfig
                0x08014684                TIM_OC1FastConfig
                0x08014694                TIM_OC2FastConfig
                0x080146a8                TIM_OC3FastConfig
                0x080146b8                TIM_OC4FastConfig
                0x080146cc                TIM_ClearOC1Ref
                0x080146dc                TIM_ClearOC2Ref
                0x080146ec                TIM_ClearOC3Ref
                0x080146fc                TIM_ClearOC4Ref
                0x0801470c                TIM_OC1PolarityConfig
                0x0801471c                TIM_OC1NPolarityConfig
                0x0801472c                TIM_OC2PolarityConfig
                0x08014740                TIM_OC2NPolarityConfig
                0x08014754                TIM_OC3PolarityConfig
                0x08014768                TIM_OC3NPolarityConfig
                0x0801477c                TIM_OC4PolarityConfig
                0x08014790                TIM_CCxCmd
                0x080147b0                TIM_CCxNCmd
                0x080147d0                TIM_ICInit
                0x08014924                TIM_ICStructInit
                0x08014934                TIM_PWMIConfig
                0x08014a88                TIM_GetCapture1
                0x08014a8c                TIM_GetCapture2
                0x08014a90                TIM_GetCapture3
                0x08014a94                TIM_GetCapture4
                0x08014a98                TIM_SetIC1Prescaler
                0x08014ab0                TIM_SetIC2Prescaler
                0x08014acc                TIM_SetIC3Prescaler
                0x08014ae4                TIM_SetIC4Prescaler
                0x08014b00                TIM_BDTRConfig
                0x08014b28                TIM_BDTRStructInit
                0x08014b3c                TIM_CtrlPWMOutputs
                0x08014b5c                TIM_SelectCOM
                0x08014b78                TIM_CCPreloadControl
                0x08014b94                TIM_ITConfig
                0x08014ba8                TIM_GenerateEvent
                0x08014bac                TIM_GetFlagStatus
                0x08014bb8                TIM_ClearFlag
                0x08014bc0                TIM_GetITStatus
                0x08014bd8                TIM_ClearITPendingBit
                0x08014be0                TIM_DMAConfig
                0x08014be8                TIM_DMACmd
                0x08014bfc                TIM_SelectCCDMA
                0x08014c18                TIM_InternalClockConfig
                0x08014c28                TIM_ITRxExternalClockConfig
                0x08014c44                TIM_TIxExternalClockConfig
                0x08014cd4                TIM_ETRClockMode1Config
                0x08014cfc                TIM_ETRClockMode2Config
                0x08014d1c                TIM_SelectInputTrigger
                0x08014d2c                TIM_SelectOutputTrigger
                0x08014d44                TIM_SelectSlaveMode
                0x08014d5c                TIM_SelectMasterSlaveMode
                0x08014d74                TIM_ETRConfig
                0x08014d8c                TIM_EncoderInterfaceConfig
                0x08014dcc                TIM_SelectHallSensor
                0x08014de8                TIM_RemapConfig
 .text          0x08014df0     0x12e8 ..\obj\usb_hcd_int.o
                0x08014df0                USBH_OTG_ISR_Handler
 .text          0x080160d8      0x388 ..\obj\usbh_msc_scsi.o
                0x080160d8                USBH_MSC_TestUnitReady
                0x08016144                USBH_MSC_ReadCapacity10
                0x080161e0                USBH_MSC_ModeSense6
                0x08016268                USBH_MSC_RequestSense
                0x08016300                USBH_MSC_Write10
                0x08016394                USBH_MSC_Read10
 .text          0x08016460      0x124 ..\obj\stm32f4_discovery.o
                0x08016460                STM_EVAL_LEDInit
                0x0801649c                STM_EVAL_LEDOn
                0x080164b8                STM_EVAL_LEDOff
                0x080164d4                STM_EVAL_LEDToggle
                0x080164f4                STM_EVAL_PBInit
                0x0801656c                STM_EVAL_PBGetState
 *fill*         0x08016584        0x4 
 .text.PDM_Filter_Init
                0x08016588      0x108 ..\..\..\STM32F4-Discovery\libpdmfilter_gcc.a(pdm_filter.o)
                0x08016588                PDM_Filter_Init
 .text.PDM_Filter_64_LSB
                0x08016690      0x2e4 ..\..\..\STM32F4-Discovery\libpdmfilter_gcc.a(pdm_filter.o)
                0x08016690                PDM_Filter_64_LSB
 .text          0x08016974      0x370 c:/program files/gnu tools arm embedded/6 2017-q1-update/bin/../lib/gcc/arm-none-eabi/6.3.1/thumb/v7e-m\libgcc.a(_arm_addsubdf3.o)
                0x08016974                __aeabi_drsub
                0x0801697c                __aeabi_dsub
                0x0801697c                __subdf3
                0x08016980                __aeabi_dadd
                0x08016980                __adddf3
                0x08016bf8                __floatunsidf
                0x08016bf8                __aeabi_ui2d
                0x08016c18                __floatsidf
                0x08016c18                __aeabi_i2d
                0x08016c3c                __aeabi_f2d
                0x08016c3c                __extendsfdf2
                0x08016c78                __floatundidf
                0x08016c78                __aeabi_ul2d
                0x08016c88                __floatdidf
                0x08016c88                __aeabi_l2d
 .text          0x08016ce4      0x424 c:/program files/gnu tools arm embedded/6 2017-q1-update/bin/../lib/gcc/arm-none-eabi/6.3.1/thumb/v7e-m\libgcc.a(_arm_muldivdf3.o)
                0x08016ce4                __aeabi_dmul
                0x08016ce4                __muldf3
                0x08016f38                __divdf3
                0x08016f38                __aeabi_ddiv
 .text          0x08017108       0x40 c:/program files/gnu tools arm embedded/6 2017-q1-update/bin/../lib/gcc/arm-none-eabi/6.3.1/thumb/v7e-m\libgcc.a(_arm_fixunsdfsi.o)
                0x08017108                __aeabi_d2uiz
                0x08017108                __fixunsdfsi
 .text          0x08017148      0x2a0 c:/program files/gnu tools arm embedded/6 2017-q1-update/bin/../lib/gcc/arm-none-eabi/6.3.1/thumb/v7e-m\libgcc.a(_arm_muldivsf3.o)
                0x08017148                __mulsf3
                0x08017148                __aeabi_fmul
                0x080172b0                __aeabi_fdiv
                0x080172b0                __divsf3
 .text          0x080173e8       0xec c:/program files/gnu tools arm embedded/6 2017-q1-update/bin/../lib/gcc/arm-none-eabi/6.3.1/thumb/v7e-m\libgcc.a(_arm_cmpsf2.o)
                0x080173e8                __gesf2
                0x080173e8                __gtsf2
                0x080173f0                __lesf2
                0x080173f0                __ltsf2
                0x080173f8                __nesf2
                0x080173f8                __eqsf2
                0x080173f8                __cmpsf2
                0x08017458                __aeabi_cfrcmple
                0x08017460                __aeabi_cfcmpeq
                0x08017460                __aeabi_cfcmple
                0x08017470                __aeabi_fcmpeq
                0x08017484                __aeabi_fcmplt
                0x08017498                __aeabi_fcmple
                0x080174ac                __aeabi_fcmpge
                0x080174c0                __aeabi_fcmpgt
 .text          0x080174d4      0x134 c:/program files/gnu tools arm embedded/6 2017-q1-update/bin/../lib/gcc/arm-none-eabi/6.3.1/../../../../arm-none-eabi/lib/thumb/v7e-m\libg.a(lib_a-memcpy.o)
                0x080174d4                memcpy
 .text.memmove  0x08017608       0xc8 c:/program files/gnu tools arm embedded/6 2017-q1-update/bin/../lib/gcc/arm-none-eabi/6.3.1/../../../../arm-none-eabi/lib/thumb/v7e-m\libg.a(lib_a-memmove.o)
                0x08017608                memmove
 .text.memset   0x080176d0       0x9c c:/program files/gnu tools arm embedded/6 2017-q1-update/bin/../lib/gcc/arm-none-eabi/6.3.1/../../../../arm-none-eabi/lib/thumb/v7e-m\libg.a(lib_a-memset.o)
                0x080176d0                memset
 .text.sprintf  0x0801776c       0x4c c:/program files/gnu tools arm embedded/6 2017-q1-update/bin/../lib/gcc/arm-none-eabi/6.3.1/../../../../arm-none-eabi/lib/thumb/v7e-m\libg.a(lib_a-sprintf.o)
                0x0801776c                sprintf
 *fill*         0x080177b8        0x8 
 .text          0x080177c0      0x2dc c:/program files/gnu tools arm embedded/6 2017-q1-update/bin/../lib/gcc/arm-none-eabi/6.3.1/../../../../arm-none-eabi/lib/thumb/v7e-m\libg.a(lib_a-strcmp.o)
                0x080177c8                strcmp
 .text.strncmp  0x08017a9c       0xa4 c:/program files/gnu tools arm embedded/6 2017-q1-update/bin/../lib/gcc/arm-none-eabi/6.3.1/../../../../arm-none-eabi/lib/thumb/v7e-m\libg.a(lib_a-strncmp.o)
                0x08017a9c                strncmp
 .text.strrchr  0x08017b40       0x24 c:/program files/gnu tools arm embedded/6 2017-q1-update/bin/../lib/gcc/arm-none-eabi/6.3.1/../../../../arm-none-eabi/lib/thumb/v7e-m\libg.a(lib_a-strrchr.o)
                0x08017b40                strrchr
 .text._svfprintf_r
                0x08017b64     0x144c c:/program files/gnu tools arm embedded/6 2017-q1-update/bin/../lib/gcc/arm-none-eabi/6.3.1/../../../../arm-none-eabi/lib/thumb/v7e-m\libg.a(lib_a-svfprintf.o)
                0x08017b64                _svfprintf_r
 .text.quorem   0x08018fb0      0x128 c:/program files/gnu tools arm embedded/6 2017-q1-update/bin/../lib/gcc/arm-none-eabi/6.3.1/../../../../arm-none-eabi/lib/thumb/v7e-m\libg.a(lib_a-dtoa.o)
 .text._dtoa_r  0x080190d8      0xe54 c:/program files/gnu tools arm embedded/6 2017-q1-update/bin/../lib/gcc/arm-none-eabi/6.3.1/../../../../arm-none-eabi/lib/thumb/v7e-m\libg.a(lib_a-dtoa.o)
                0x080190d8                _dtoa_r
 .text._localeconv_r
                0x08019f2c       0x1c c:/program files/gnu tools arm embedded/6 2017-q1-update/bin/../lib/gcc/arm-none-eabi/6.3.1/../../../../arm-none-eabi/lib/thumb/v7e-m\libg.a(lib_a-localeconv.o)
                0x08019f2c                _localeconv_r
 .text._malloc_r
                0x08019f48      0x560 c:/program files/gnu tools arm embedded/6 2017-q1-update/bin/../lib/gcc/arm-none-eabi/6.3.1/../../../../arm-none-eabi/lib/thumb/v7e-m\libg.a(lib_a-mallocr.o)
                0x08019f48                _malloc_r
 *fill*         0x0801a4a8        0x8 
 .text          0x0801a4b0       0xa0 c:/program files/gnu tools arm embedded/6 2017-q1-update/bin/../lib/gcc/arm-none-eabi/6.3.1/../../../../arm-none-eabi/lib/thumb/v7e-m\libg.a(lib_a-memchr.o)
                0x0801a4b0                memchr
 .text.__malloc_lock
                0x0801a550        0xc c:/program files/gnu tools arm embedded/6 2017-q1-update/bin/../lib/gcc/arm-none-eabi/6.3.1/../../../../arm-none-eabi/lib/thumb/v7e-m\libg.a(lib_a-mlock.o)
                0x0801a550                __malloc_lock
 .text.__malloc_unlock
                0x0801a55c        0xc c:/program files/gnu tools arm embedded/6 2017-q1-update/bin/../lib/gcc/arm-none-eabi/6.3.1/../../../../arm-none-eabi/lib/thumb/v7e-m\libg.a(lib_a-mlock.o)
                0x0801a55c                __malloc_unlock
 .text._Balloc  0x0801a568       0x4c c:/program files/gnu tools arm embedded/6 2017-q1-update/bin/../lib/gcc/arm-none-eabi/6.3.1/../../../../arm-none-eabi/lib/thumb/v7e-m\libg.a(lib_a-mprec.o)
                0x0801a568                _Balloc
 .text._Bfree   0x0801a5b4       0x14 c:/program files/gnu tools arm embedded/6 2017-q1-update/bin/../lib/gcc/arm-none-eabi/6.3.1/../../../../arm-none-eabi/lib/thumb/v7e-m\libg.a(lib_a-mprec.o)
                0x0801a5b4                _Bfree
 .text.__multadd
                0x0801a5c8       0x80 c:/program files/gnu tools arm embedded/6 2017-q1-update/bin/../lib/gcc/arm-none-eabi/6.3.1/../../../../arm-none-eabi/lib/thumb/v7e-m\libg.a(lib_a-mprec.o)
                0x0801a5c8                __multadd
 .text.__hi0bits
                0x0801a648       0x40 c:/program files/gnu tools arm embedded/6 2017-q1-update/bin/../lib/gcc/arm-none-eabi/6.3.1/../../../../arm-none-eabi/lib/thumb/v7e-m\libg.a(lib_a-mprec.o)
                0x0801a648                __hi0bits
 .text.__lo0bits
                0x0801a688       0x60 c:/program files/gnu tools arm embedded/6 2017-q1-update/bin/../lib/gcc/arm-none-eabi/6.3.1/../../../../arm-none-eabi/lib/thumb/v7e-m\libg.a(lib_a-mprec.o)
                0x0801a688                __lo0bits
 .text.__i2b    0x0801a6e8       0x14 c:/program files/gnu tools arm embedded/6 2017-q1-update/bin/../lib/gcc/arm-none-eabi/6.3.1/../../../../arm-none-eabi/lib/thumb/v7e-m\libg.a(lib_a-mprec.o)
                0x0801a6e8                __i2b
 .text.__multiply
                0x0801a6fc      0x124 c:/program files/gnu tools arm embedded/6 2017-q1-update/bin/../lib/gcc/arm-none-eabi/6.3.1/../../../../arm-none-eabi/lib/thumb/v7e-m\libg.a(lib_a-mprec.o)
                0x0801a6fc                __multiply
 .text.__pow5mult
                0x0801a820       0xa0 c:/program files/gnu tools arm embedded/6 2017-q1-update/bin/../lib/gcc/arm-none-eabi/6.3.1/../../../../arm-none-eabi/lib/thumb/v7e-m\libg.a(lib_a-mprec.o)
                0x0801a820                __pow5mult
 .text.__lshift
                0x0801a8c0       0xa4 c:/program files/gnu tools arm embedded/6 2017-q1-update/bin/../lib/gcc/arm-none-eabi/6.3.1/../../../../arm-none-eabi/lib/thumb/v7e-m\libg.a(lib_a-mprec.o)
                0x0801a8c0                __lshift
 .text.__mcmp   0x0801a964       0x38 c:/program files/gnu tools arm embedded/6 2017-q1-update/bin/../lib/gcc/arm-none-eabi/6.3.1/../../../../arm-none-eabi/lib/thumb/v7e-m\libg.a(lib_a-mprec.o)
                0x0801a964                __mcmp
 .text.__mdiff  0x0801a99c      0x108 c:/program files/gnu tools arm embedded/6 2017-q1-update/bin/../lib/gcc/arm-none-eabi/6.3.1/../../../../arm-none-eabi/lib/thumb/v7e-m\libg.a(lib_a-mprec.o)
                0x0801a99c                __mdiff
 .text.__d2b    0x0801aaa4       0xb8 c:/program files/gnu tools arm embedded/6 2017-q1-update/bin/../lib/gcc/arm-none-eabi/6.3.1/../../../../arm-none-eabi/lib/thumb/v7e-m\libg.a(lib_a-mprec.o)
                0x0801aaa4                __d2b
 .text._sbrk_r  0x0801ab5c       0x24 c:/program files/gnu tools arm embedded/6 2017-q1-update/bin/../lib/gcc/arm-none-eabi/6.3.1/../../../../arm-none-eabi/lib/thumb/v7e-m\libg.a(lib_a-sbrkr.o)
                0x0801ab5c                _sbrk_r
 .text.strchr   0x0801ab80       0xe8 c:/program files/gnu tools arm embedded/6 2017-q1-update/bin/../lib/gcc/arm-none-eabi/6.3.1/../../../../arm-none-eabi/lib/thumb/v7e-m\libg.a(lib_a-strchr.o)
                0x0801ab80                strchr
 *fill*         0x0801ac68       0x18 
 .text          0x0801ac80       0xdc c:/program files/gnu tools arm embedded/6 2017-q1-update/bin/../lib/gcc/arm-none-eabi/6.3.1/../../../../arm-none-eabi/lib/thumb/v7e-m\libg.a(lib_a-strlen.o)
                0x0801ac80                strlen
 .text.__ssprint_r
                0x0801ad5c       0xfc c:/program files/gnu tools arm embedded/6 2017-q1-update/bin/../lib/gcc/arm-none-eabi/6.3.1/../../../../arm-none-eabi/lib/thumb/v7e-m\libg.a(lib_a-svfiprintf.o)
                0x0801ad5c                __ssprint_r
 .text._calloc_r
                0x0801ae58       0x60 c:/program files/gnu tools arm embedded/6 2017-q1-update/bin/../lib/gcc/arm-none-eabi/6.3.1/../../../../arm-none-eabi/lib/thumb/v7e-m\libg.a(lib_a-callocr.o)
                0x0801ae58                _calloc_r
 .text._malloc_trim_r
                0x0801aeb8       0xa0 c:/program files/gnu tools arm embedded/6 2017-q1-update/bin/../lib/gcc/arm-none-eabi/6.3.1/../../../../arm-none-eabi/lib/thumb/v7e-m\libg.a(lib_a-freer.o)
                0x0801aeb8                _malloc_trim_r
 .text._free_r  0x0801af58      0x1cc c:/program files/gnu tools arm embedded/6 2017-q1-update/bin/../lib/gcc/arm-none-eabi/6.3.1/../../../../arm-none-eabi/lib/thumb/v7e-m\libg.a(lib_a-freer.o)
                0x0801af58                _free_r
 .text.__retarget_lock_acquire_recursive
                0x0801b124        0x4 c:/program files/gnu tools arm embedded/6 2017-q1-update/bin/../lib/gcc/arm-none-eabi/6.3.1/../../../../arm-none-eabi/lib/thumb/v7e-m\libg.a(lib_a-lock.o)
                0x0801b124                __retarget_lock_acquire_recursive
 .text.__retarget_lock_release_recursive
                0x0801b128        0x4 c:/program files/gnu tools arm embedded/6 2017-q1-update/bin/../lib/gcc/arm-none-eabi/6.3.1/../../../../arm-none-eabi/lib/thumb/v7e-m\libg.a(lib_a-lock.o)
                0x0801b128                __retarget_lock_release_recursive
 .text.__ascii_mbtowc
                0x0801b12c       0x2c c:/program files/gnu tools arm embedded/6 2017-q1-update/bin/../lib/gcc/arm-none-eabi/6.3.1/../../../../arm-none-eabi/lib/thumb/v7e-m\libg.a(lib_a-mbtowc_r.o)
                0x0801b12c                __ascii_mbtowc
 .text._realloc_r
                0x0801b158      0x34c c:/program files/gnu tools arm embedded/6 2017-q1-update/bin/../lib/gcc/arm-none-eabi/6.3.1/../../../../arm-none-eabi/lib/thumb/v7e-m\libg.a(lib_a-reallocr.o)
                0x0801b158                _realloc_r
 .text.__ascii_wctomb
                0x0801b4a4       0x1c c:/program files/gnu tools arm embedded/6 2017-q1-update/bin/../lib/gcc/arm-none-eabi/6.3.1/../../../../arm-none-eabi/lib/thumb/v7e-m\libg.a(lib_a-wctomb_r.o)
                0x0801b4a4                __ascii_wctomb
 .text          0x0801b4c0      0x110 c:/program files/gnu tools arm embedded/6 2017-q1-update/bin/../lib/gcc/arm-none-eabi/6.3.1/thumb/v7e-m\libgcc.a(_arm_cmpdf2.o)
                0x0801b4c0                __gtdf2
                0x0801b4c0                __gedf2
                0x0801b4c8                __ltdf2
                0x0801b4c8                __ledf2
                0x0801b4d0                __nedf2
                0x0801b4d0                __eqdf2
                0x0801b4d0                __cmpdf2
                0x0801b54c                __aeabi_cdrcmple
                0x0801b55c                __aeabi_cdcmpeq
                0x0801b55c                __aeabi_cdcmple
                0x0801b56c                __aeabi_dcmpeq
                0x0801b580                __aeabi_dcmplt
                0x0801b594                __aeabi_dcmple
                0x0801b5a8                __aeabi_dcmpge
                0x0801b5bc                __aeabi_dcmpgt
 .text          0x0801b5d0       0x2c c:/program files/gnu tools arm embedded/6 2017-q1-update/bin/../lib/gcc/arm-none-eabi/6.3.1/thumb/v7e-m\libgcc.a(_arm_unorddf2.o)
                0x0801b5d0                __unorddf2
                0x0801b5d0                __aeabi_dcmpun
 .text          0x0801b5fc       0x50 c:/program files/gnu tools arm embedded/6 2017-q1-update/bin/../lib/gcc/arm-none-eabi/6.3.1/thumb/v7e-m\libgcc.a(_arm_fixdfsi.o)
                0x0801b5fc                __aeabi_d2iz
                0x0801b5fc                __fixdfsi
 .text          0x0801b64c       0x30 c:/program files/gnu tools arm embedded/6 2017-q1-update/bin/../lib/gcc/arm-none-eabi/6.3.1/thumb/v7e-m\libgcc.a(_aeabi_uldivmod.o)
                0x0801b64c                __aeabi_uldivmod
 .text          0x0801b67c      0x2dc c:/program files/gnu tools arm embedded/6 2017-q1-update/bin/../lib/gcc/arm-none-eabi/6.3.1/thumb/v7e-m\libgcc.a(_udivmoddi4.o)
                0x0801b67c                __udivmoddi4
 .text          0x0801b958        0x4 c:/program files/gnu tools arm embedded/6 2017-q1-update/bin/../lib/gcc/arm-none-eabi/6.3.1/thumb/v7e-m\libgcc.a(_dvmd_tls.o)
                0x0801b958                __aeabi_idiv0
                0x0801b958                __aeabi_ldiv0
 *(.init)
 *(.fini)
 *crtbegin.o(.ctors)
 *crtbegin?.o(.ctors)
 *(EXCLUDE_FILE(*crtend.o *crtend?.o) .ctors)
 *(SORT(.ctors.*))
 *(.ctors)
 *crtbegin.o(.dtors)
 *crtbegin?.o(.dtors)
 *(EXCLUDE_FILE(*crtend.o *crtend?.o) .dtors)
 *(SORT(.dtors.*))
 *(.dtors)
 *(.rodata*)
 .rodata        0x0801b95c      0x86c ..\obj\trigtabs_fixpt.o
                0x0801b95c                xmp3fixpt_polyCoef
                0x0801bd7c                xmp3fixpt_coef32
                0x0801bdf8                xmp3fixpt_csa
                0x0801be38                xmp3fixpt_uniqueIDTab
                0x0801be40                xmp3fixpt_ISFIIP
                0x0801be50                xmp3fixpt_ISFMpeg2
                0x0801bf50                xmp3fixpt_ISFMpeg1
                0x0801bf88                xmp3fixpt_imdctWin
 .rodata.str1.4
                0x0801c1c8       0x1d ..\obj\main.o
                                 0x21 (size before relaxing)
 *fill*         0x0801c1e5        0x3 
 .rodata        0x0801c1e8      0x226 ..\obj\dqchan.o
 *fill*         0x0801c40e        0x2 
 .rodata.str1.4
                0x0801c410       0x1a ..\obj\waveplayer.o
 .rodata.str1.4
                0x0801c42a        0xa ..\obj\waverecorder.o
 *fill*         0x0801c42a        0x2 
 .rodata.str1.4
                0x0801c42c        0x4 ..\obj\usbh_core.o
 .rodata        0x0801c430       0x68 ..\obj\scalfact.o
 .rodata        0x0801c498      0x508 ..\obj\mp3tabs.o
                0x0801c498                xmp3fixpt_sfBandTable
                0x0801c734                xmp3fixpt_slotTab
                0x0801c844                xmp3fixpt_sideBytesTab
                0x0801c850                xmp3fixpt_bitsPerSlotTab
                0x0801c858                xmp3fixpt_samplesPerFrameTab
                0x0801c86c                xmp3fixpt_bitrateTab
                0x0801c97c                xmp3fixpt_samplerateTab
 .rodata        0x0801c9a0     0x2304 ..\obj\hufftabs.o
                0x0801c9a0                xmp3fixpt_quadTabMaxBits
                0x0801c9a8                xmp3fixpt_quadTabOffset
                0x0801c9b0                xmp3fixpt_quadTable
                0x0801ca00                xmp3fixpt_huffTabLookup
                0x0801cb00                xmp3fixpt_huffTabOffset
                0x0801cb80                xmp3fixpt_huffTable
 .rodata        0x0801eca4       0x80 ..\obj\ff.o
 .rodata.str1.4
                0x0801ed24        0xf ..\obj\ff.o
 *fill*         0x0801ed33        0x1 
 .rodata        0x0801ed34       0xc0 ..\obj\dct32.o
 .rodata        0x0801edf4       0x2e ..\obj\stm32f4_discovery.o
                0x0801edf4                GPIO_CLK
                0x0801ee04                GPIO_PIN
                0x0801ee0c                BUTTON_IRQn
                0x0801ee10                BUTTON_PIN_SOURCE
                0x0801ee14                BUTTON_PORT_SOURCE
                0x0801ee18                BUTTON_EXTI_LINE
                0x0801ee1c                BUTTON_CLK
                0x0801ee20                BUTTON_PIN
 *fill*         0x0801ee22        0x2 
 .rodata._svfprintf_r.str1.4
                0x0801ee24       0x42 c:/program files/gnu tools arm embedded/6 2017-q1-update/bin/../lib/gcc/arm-none-eabi/6.3.1/../../../../arm-none-eabi/lib/thumb/v7e-m\libg.a(lib_a-svfprintf.o)
 *fill*         0x0801ee66        0x2 
 .rodata.blanks.7228
                0x0801ee68       0x10 c:/program files/gnu tools arm embedded/6 2017-q1-update/bin/../lib/gcc/arm-none-eabi/6.3.1/../../../../arm-none-eabi/lib/thumb/v7e-m\libg.a(lib_a-svfprintf.o)
 .rodata.zeroes.7229
                0x0801ee78       0x10 c:/program files/gnu tools arm embedded/6 2017-q1-update/bin/../lib/gcc/arm-none-eabi/6.3.1/../../../../arm-none-eabi/lib/thumb/v7e-m\libg.a(lib_a-svfprintf.o)
 .rodata._dtoa_r.str1.4
                0x0801ee88       0x10 c:/program files/gnu tools arm embedded/6 2017-q1-update/bin/../lib/gcc/arm-none-eabi/6.3.1/../../../../arm-none-eabi/lib/thumb/v7e-m\libg.a(lib_a-dtoa.o)
                                 0x12 (size before relaxing)
 .rodata.__mprec_bigtens
                0x0801ee98       0x28 c:/program files/gnu tools arm embedded/6 2017-q1-update/bin/../lib/gcc/arm-none-eabi/6.3.1/../../../../arm-none-eabi/lib/thumb/v7e-m\libg.a(lib_a-mprec.o)
                0x0801ee98                __mprec_bigtens
 .rodata.__mprec_tens
                0x0801eec0       0xc8 c:/program files/gnu tools arm embedded/6 2017-q1-update/bin/../lib/gcc/arm-none-eabi/6.3.1/../../../../arm-none-eabi/lib/thumb/v7e-m\libg.a(lib_a-mprec.o)
                0x0801eec0                __mprec_tens
 .rodata.p05.6060
                0x0801ef88        0xc c:/program files/gnu tools arm embedded/6 2017-q1-update/bin/../lib/gcc/arm-none-eabi/6.3.1/../../../../arm-none-eabi/lib/thumb/v7e-m\libg.a(lib_a-mprec.o)
 .rodata._setlocale_r.str1.4
                0x0801ef94        0xa c:/program files/gnu tools arm embedded/6 2017-q1-update/bin/../lib/gcc/arm-none-eabi/6.3.1/../../../../arm-none-eabi/lib/thumb/v7e-m\libg.a(lib_a-locale.o)
                                  0xd (size before relaxing)
 *fill*         0x0801ef9e        0x2 
 .rodata.str1.4
                0x0801efa0        0x4 c:/program files/gnu tools arm embedded/6 2017-q1-update/bin/../lib/gcc/arm-none-eabi/6.3.1/../../../../arm-none-eabi/lib/thumb/v7e-m\libg.a(lib_a-locale.o)
                                  0x2 (size before relaxing)
 .rodata._ctype_
                0x0801efa4      0x101 c:/program files/gnu tools arm embedded/6 2017-q1-update/bin/../lib/gcc/arm-none-eabi/6.3.1/../../../../arm-none-eabi/lib/thumb/v7e-m\libg.a(lib_a-ctype_.o)
                0x0801efa4                _ctype_
 *(.eh_fram e*)

.glue_7         0x0801f0a8        0x0
 .glue_7        0x0801f0a8        0x0 linker stubs

.glue_7t        0x0801f0a8        0x0
 .glue_7t       0x0801f0a8        0x0 linker stubs

.vfp11_veneer   0x0801f0a8        0x0
 .vfp11_veneer  0x0801f0a8        0x0 linker stubs

.v4_bx          0x0801f0a8        0x0
 .v4_bx         0x0801f0a8        0x0 linker stubs

.iplt           0x0801f0a8        0x0
 .iplt          0x0801f0a8        0x0 ..\obj\stm32f4xx_usart.o

.ARM.extab
 *(.ARM.extab* .gnu.linkonce.armextab.*)
                0x0801f0a8                __exidx_start = .

.ARM.exidx      0x0801f0a8        0x8
 *(.ARM.exidx* .gnu.linkonce.armexidx.*)
 .ARM.exidx     0x0801f0a8        0x8 c:/program files/gnu tools arm embedded/6 2017-q1-update/bin/../lib/gcc/arm-none-eabi/6.3.1/thumb/v7e-m\libgcc.a(_udivmoddi4.o)
                0x0801f0b0                __exidx_end = .
                0x0801f0b0                __etext = .
                0x0801f0b0                _sidata = __etext

.rel.dyn        0x0801f0b0        0x0
 .rel.iplt      0x0801f0b0        0x0 ..\obj\stm32f4xx_usart.o

.data           0x20000000      0xd94 load address 0x0801f0b0
                0x20000000                __data_start__ = .
                0x20000000                _sdata = __data_start__
 *(vtable)
 *(.data*)
 .data          0x20000000       0x10 ..\obj\usbh_msc_core.o
                0x20000000                USBH_MSC_cb
 .data          0x20000010        0x1 ..\obj\stm32f4xx_it.o
                0x20000010                PauseResumeStatus
 *fill*         0x20000011        0x3 
 .data          0x20000014       0x34 ..\obj\stm32f4_discovery_audio_codec.o
                0x20000014                CODECTimeout
                0x20000018                CurrAudioInterface
                0x2000001c                AUDIO_MAL_DMA_CLOCK
                0x20000020                AUDIO_MAL_DMA_STREAM
                0x20000024                AUDIO_MAL_DMA_DREG
                0x20000028                AUDIO_MAL_DMA_IRQ
                0x2000002c                AUDIO_MAL_DMA_FLAG_TC
                0x20000030                AUDIO_MAL_DMA_FLAG_HT
                0x20000034                AUDIO_MAL_DMA_FLAG_FE
                0x20000038                AUDIO_MAL_DMA_FLAG_TE
                0x2000003c                AUDIO_MAL_DMA_FLAG_DME
                0x20000040                AudioTotalSize
                0x20000044                AudioRemSize
 .data          0x20000048        0x4 ..\obj\stm32f4_discovery_lis302dl.o
                0x20000048                LIS302DLTimeout
 .data          0x2000004c       0x10 ..\obj\stm32f4xx_rcc.o
 .data          0x2000005c       0x14 ..\obj\system_stm32f4xx.o
                0x2000005c                AHBPrescTable
                0x2000006c                SystemCoreClock
 .data          0x20000070       0x48 ..\obj\usbh_usr.o
                0x20000070                USR_Callbacks
 .data          0x200000b8        0x1 ..\obj\usbh_msc_fatfs.o
 *fill*         0x200000b9        0x1 
 .data          0x200000ba        0x2 ..\obj\main.o
                0x200000ba                CCR_Val
 .data          0x200000bc        0x3 ..\obj\waveplayer.o
                0x200000bc                volume
                0x200000bd                buffer_switch
                0x200000be                WaveFileStatus
 *fill*         0x200000bf        0x1 
 .data          0x200000c0        0x8 ..\obj\waverecorder.o
                0x200000c0                AudioRecBitRes
                0x200000c4                AudioRecChnlNbr
 .data          0x200000c8        0xc ..\obj\usbh_core.o
                0x200000c8                USBH_DeviceConnStatus_cb
 .data          0x200000d4        0x1 ..\obj\usbh_msc_scsi.o
 *fill*         0x200000d5        0x3 
 .data          0x200000d8       0x14 ..\obj\stm32f4_discovery.o
                0x200000d8                GPIO_PORT
                0x200000e8                BUTTON_PORT
 .data.T0       0x200000ec      0x100 ..\..\..\STM32F4-Discovery\libpdmfilter_gcc.a(pdm_filter.o)
                0x200000ec                T0
 .data.T1       0x200001ec      0x100 ..\..\..\STM32F4-Discovery\libpdmfilter_gcc.a(pdm_filter.o)
                0x200001ec                T1
 .data.T2       0x200002ec      0x100 ..\..\..\STM32F4-Discovery\libpdmfilter_gcc.a(pdm_filter.o)
                0x200002ec                T2
 .data._impure_ptr
                0x200003ec        0x4 c:/program files/gnu tools arm embedded/6 2017-q1-update/bin/../lib/gcc/arm-none-eabi/6.3.1/../../../../arm-none-eabi/lib/thumb/v7e-m\libg.a(lib_a-impure.o)
                0x200003ec                _impure_ptr
 .data.impure_data
                0x200003f0      0x428 c:/program files/gnu tools arm embedded/6 2017-q1-update/bin/../lib/gcc/arm-none-eabi/6.3.1/../../../../arm-none-eabi/lib/thumb/v7e-m\libg.a(lib_a-impure.o)
 .data.__malloc_av_
                0x20000818      0x408 c:/program files/gnu tools arm embedded/6 2017-q1-update/bin/../lib/gcc/arm-none-eabi/6.3.1/../../../../arm-none-eabi/lib/thumb/v7e-m\libg.a(lib_a-mallocr.o)
                0x20000818                __malloc_av_
 .data.__malloc_sbrk_base
                0x20000c20        0x4 c:/program files/gnu tools arm embedded/6 2017-q1-update/bin/../lib/gcc/arm-none-eabi/6.3.1/../../../../arm-none-eabi/lib/thumb/v7e-m\libg.a(lib_a-mallocr.o)
                0x20000c20                __malloc_sbrk_base
 .data.__malloc_trim_threshold
                0x20000c24        0x4 c:/program files/gnu tools arm embedded/6 2017-q1-update/bin/../lib/gcc/arm-none-eabi/6.3.1/../../../../arm-none-eabi/lib/thumb/v7e-m\libg.a(lib_a-mallocr.o)
                0x20000c24                __malloc_trim_threshold
 .data.__global_locale
                0x20000c28      0x16c c:/program files/gnu tools arm embedded/6 2017-q1-update/bin/../lib/gcc/arm-none-eabi/6.3.1/../../../../arm-none-eabi/lib/thumb/v7e-m\libg.a(lib_a-locale.o)
                0x20000c28                __global_locale
                0x20000d94                . = ALIGN (0x4)
                [!provide]                PROVIDE (__preinit_array_start, .)
 *(.preinit_array)
                [!provide]                PROVIDE (__preinit_array_end, .)
                0x20000d94                . = ALIGN (0x4)
                [!provide]                PROVIDE (__init_array_start, .)
 *(SORT(.init_array.*))
 *(.init_array)
                [!provide]                PROVIDE (__init_array_end, .)
                0x20000d94                . = ALIGN (0x4)
                [!provide]                PROVIDE (__fini_array_start, .)
 *(SORT(.fini_array.*))
 *(.fini_array)
                [!provide]                PROVIDE (__fini_array_end, .)
 *(.jcr*)
                0x20000d94                . = ALIGN (0x4)
                0x20000d94                __data_end__ = .
                0x20000d94                _edata = __data_end__

.igot.plt       0x20000d94        0x0 load address 0x0801fe44
 .igot.plt      0x20000d94        0x0 ..\obj\stm32f4xx_usart.o

.bss            0x20000d94     0xffcc load address 0x0801fe44
                0x20000d94                . = ALIGN (0x4)
                0x20000d94                __bss_start__ = .
                0x20000d94                _sbss = __bss_start__
 *(.bss*)
 .bss           0x20000d94        0x2 ..\obj\usbh_msc_core.o
                0x20000d95                MSCErrorCount
 *fill*         0x20000d96        0x2 
 .bss           0x20000d98        0x4 ..\obj\syscalls.o
 .bss           0x20000d9c        0x6 ..\obj\stm32f4xx_it.o
                0x20000d9c                Time_Rec_Base
                0x20000d9e                Count
                0x20000d9f                LED_Toggle
                0x20000da0                capture
 *fill*         0x20000da2        0x2 
 .bss           0x20000da4        0x5 ..\obj\stm32f4_discovery_audio_codec.o
                0x20000da4                AUDIO_MAL_DMA_CHANNEL
                0x20000da8                OutputDev
 *fill*         0x20000da9        0x3 
 .bss           0x20000dac       0x15 ..\obj\Audio.o
 *fill*         0x20000dc1        0x3 
 .bss           0x20000dc4        0xd ..\obj\usbh_msc_bot.o
 .bss           0x20000dd1        0x4 ..\obj\usbh_usr.o
                0x20000dd2                Command_index
                0x20000dd3                lcdLineNo
                0x20000dd4                joystick_use
 *fill*         0x20000dd5        0x3 
 .bss           0x20000dd8     0x4008 ..\obj\main.o
                0x20004dd8                RepeatState
                0x20004ddc                enum_done
 .bss           0x20004de0     0x5d08 ..\obj\buffers.o
 .bss           0x2000aae8        0x4 ..\obj\usb_bsp.o
                0x2000aae8                BSP_delay
 .bss           0x2000aaec     0x1018 ..\obj\waveplayer.o
                0x2000aaec                AudioPlayStart
                0x2000aaf0                buffer1
                0x2000b2f0                buffer2
                0x2000baf0                XferCplt
                0x2000baf4                WaveDataLength
 .bss           0x2000bb04       0x98 ..\obj\waverecorder.o
                0x2000bb08                AudioRecCurrSize
                0x2000bb90                Data_Status
                0x2000bb94                WaveRecStatus
                0x2000bb95                Switch
                0x2000bb96                counter
                0x2000bb98                buf_idx
                0x2000bb9a                buf_idx1
 .bss           0x2000bb9c        0x2 ..\obj\usbh_core.o
 *fill*         0x2000bb9e        0x2 
 .bss           0x2000bba0        0x6 ..\obj\ff.o
 *fill*         0x2000bba6        0x2 
 .bss.stm32_crc
                0x2000bba8        0x4 ..\..\..\STM32F4-Discovery\libpdmfilter_gcc.a(pdm_filter.o)
                0x2000bba8                stm32_crc
 .bss.__malloc_current_mallinfo
                0x2000bbac       0x28 c:/program files/gnu tools arm embedded/6 2017-q1-update/bin/../lib/gcc/arm-none-eabi/6.3.1/../../../../arm-none-eabi/lib/thumb/v7e-m\libg.a(lib_a-mallocr.o)
                0x2000bbac                __malloc_current_mallinfo
 .bss.__malloc_max_sbrked_mem
                0x2000bbd4        0x4 c:/program files/gnu tools arm embedded/6 2017-q1-update/bin/../lib/gcc/arm-none-eabi/6.3.1/../../../../arm-none-eabi/lib/thumb/v7e-m\libg.a(lib_a-mallocr.o)
                0x2000bbd4                __malloc_max_sbrked_mem
 .bss.__malloc_max_total_mem
                0x2000bbd8        0x4 c:/program files/gnu tools arm embedded/6 2017-q1-update/bin/../lib/gcc/arm-none-eabi/6.3.1/../../../../arm-none-eabi/lib/thumb/v7e-m\libg.a(lib_a-mallocr.o)
                0x2000bbd8                __malloc_max_total_mem
 .bss.__malloc_top_pad
                0x2000bbdc        0x4 c:/program files/gnu tools arm embedded/6 2017-q1-update/bin/../lib/gcc/arm-none-eabi/6.3.1/../../../../arm-none-eabi/lib/thumb/v7e-m\libg.a(lib_a-mallocr.o)
                0x2000bbdc                __malloc_top_pad
 *(COMMON)
 COMMON         0x2000bbe0       0x54 ..\obj\usbh_msc_core.o
                0x2000bbe0                MSC_Machine
                0x2000bc2c                MSC_Setup
 COMMON         0x2000bc34       0x7c ..\obj\stm32f4_discovery_audio_codec.o
                0x2000bc34                CurrentPos
                0x2000bc38                AUDIO_MAL_DMA_InitStructure
                0x2000bc74                DMA_InitStructure
 COMMON         0x2000bcb0       0x40 ..\obj\usbh_msc_bot.o
                0x2000bcb0                USBH_MSC_CSWData
                0x2000bcc0                USBH_MSC_BOTXferParam
                0x2000bcd0                USBH_MSC_CBWData
 COMMON         0x2000bcf0      0xcac ..\obj\usbh_usr.o
                0x2000bcf0                fileR
                0x2000c114                fno
                0x2000c12c                file
                0x2000c550                dir
                0x2000c56c                fatfs
 COMMON         0x2000c99c     0x2574 ..\obj\main.o
                0x2000c99c                time_var1
                0x2000c9a0                hMP3Decoder
                0x2000c9a4                time_var2
                0x2000c9a8                USB_OTG_Core
                0x2000ce58                file_read_buffer
                0x2000ee58                RCC_Clocks
                0x2000ee68                USB_Host
                0x2000eeec                bytes_left
                0x2000eef0                read_ptr
                0x2000eef4                mp3FrameInfo
 COMMON         0x2000ef10       0x26 ..\obj\waveplayer.o
                0x2000ef10                WAVE_Format
                0x2000ef28                BytesRead
                0x2000ef2c                WaveCounter
                0x2000ef30                Buffer
 *fill*         0x2000ef36        0x2 
 COMMON         0x2000ef38     0x19f0 ..\obj\waverecorder.o
                0x2000ef38                bytesWritten
                0x2000ef3c                writebuffer
                0x2000ef40                pAudioRecBuf
                0x2000ef44                RAM_Buf
                0x2000fafc                RecBuf1
                0x2000fb1c                RecBuf
                0x2000fb3c                Filter
                0x2000fb70                RecBufHeader
                0x2000fd70                RAM_Buf1
 COMMON         0x20010928      0x410 ..\obj\usbh_msc_scsi.o
                0x20010928                USBH_DataInBuffer
                0x20010b28                USBH_MSC_Param
                0x20010b38                USBH_DataOutBuffer
 COMMON         0x20010d38       0x21 c:/program files/gnu tools arm embedded/6 2017-q1-update/bin/../lib/gcc/arm-none-eabi/6.3.1/../../../../arm-none-eabi/lib/thumb/v7e-m\libg.a(lib_a-lock.o)
                0x20010d38                __lock___atexit_recursive_mutex
                0x20010d3c                __lock___arc4random_mutex
                0x20010d40                __lock___env_recursive_mutex
                0x20010d44                __lock___sinit_recursive_mutex
                0x20010d48                __lock___malloc_recursive_mutex
                0x20010d4c                __lock___at_quick_exit_mutex
                0x20010d50                __lock___dd_hash_mutex
                0x20010d54                __lock___tz_mutex
                0x20010d58                __lock___sfp_recursive_mutex
 *fill*         0x20010d59        0x3 
 COMMON         0x20010d5c        0x4 c:/program files/gnu tools arm embedded/6 2017-q1-update/bin/../lib/gcc/arm-none-eabi/6.3.1/../../../../arm-none-eabi/lib/thumb/v7e-m\libg.a(lib_a-reent.o)
                0x20010d5c                errno
                0x20010d60                . = ALIGN (0x4)
                0x20010d60                __bss_end__ = .
                0x20010d60                _ebss = __bss_end__

.heap           0x20010d60        0x0
                0x20010d60                __end__ = .
                0x20010d60                _end = __end__
                0x20010d60                end = __end__
 *(.heap*)
                0x20010d60                __HeapLimit = .

.co_stack       0x20010d60      0x800 load address 0x0802fe10
                0x20010d60                . = ALIGN (0x8)
 *(.co_stack .co_stack.*)
 .co_stack      0x20010d60      0x800 ..\obj\startup_stm32f4xx.o
                0x20010d60                pulStack
                0x20020000                __StackTop = (ORIGIN (ram) + LENGTH (ram))
                0x2001f800                __StackLimit = (__StackTop - SIZEOF (.co_stack))
                [!provide]                PROVIDE (__stack, __StackTop)
                0x00000001                ASSERT ((__StackLimit >= __HeapLimit), region ram  overflowed with stack)
LOAD ..\obj\stm32f4xx_usart.o
LOAD ..\obj\usbh_msc_core.o
LOAD ..\obj\syscalls.o
LOAD ..\obj\stm32f4xx_it.o
LOAD ..\obj\stm32f4xx_spi.o
LOAD ..\obj\mp3dec.o
LOAD ..\obj\usb_core.o
LOAD ..\obj\stm32f4_discovery_audio_codec.o
LOAD ..\obj\bitstream.o
LOAD ..\obj\usbh_hcs.o
LOAD ..\obj\stm32f4xx_dac.o
LOAD ..\obj\usb_hcd.o
LOAD ..\obj\stm32f4xx_syscfg.o
LOAD ..\obj\startup_stm32f4xx.o
LOAD ..\obj\stm32f4_discovery_lis302dl.o
LOAD ..\obj\stm32f4xx_rcc.o
LOAD ..\obj\Audio.o
LOAD ..\obj\system_stm32f4xx.o
LOAD ..\obj\trigtabs_fixpt.o
LOAD ..\obj\usbh_msc_bot.o
LOAD ..\obj\usbh_usr.o
LOAD ..\obj\usbh_msc_fatfs.o
LOAD ..\obj\usbh_stdreq.o
LOAD ..\obj\polyphase.o
LOAD ..\obj\main.o
LOAD ..\obj\stm32f4xx_gpio.o
LOAD ..\obj\dqchan.o
LOAD ..\obj\stm32f4xx_dma.o
LOAD ..\obj\huffman.o
LOAD ..\obj\usbh_ioreq.o
LOAD ..\obj\buffers.o
LOAD ..\obj\fattime.o
LOAD ..\obj\usb_bsp.o
LOAD ..\obj\misc.o
LOAD ..\obj\stm32f4xx_adc.o
LOAD ..\obj\waveplayer.o
LOAD ..\obj\stm32f4xx_i2c.o
LOAD ..\obj\waverecorder.o
LOAD ..\obj\usbh_core.o
LOAD ..\obj\scalfact.o
LOAD ..\obj\mp3tabs.o
LOAD ..\obj\imdct.o
LOAD ..\obj\hufftabs.o
LOAD ..\obj\stproc.o
LOAD ..\obj\stm32f4xx_sdio.o
LOAD ..\obj\dequant.o
LOAD ..\obj\stm32f4xx_exti.o
LOAD ..\obj\ff.o
LOAD ..\obj\dct32.o
LOAD ..\obj\audio_sample.o
LOAD ..\obj\subband.o
LOAD ..\obj\stm32f4xx_tim.o
LOAD ..\obj\usb_hcd_int.o
LOAD ..\obj\usbh_msc_scsi.o
LOAD ..\obj\stm32f4_discovery.o
LOAD ..\..\..\STM32F4-Discovery\libpdmfilter_gcc.a
START GROUP
LOAD c:/program files/gnu tools arm embedded/6 2017-q1-update/bin/../lib/gcc/arm-none-eabi/6.3.1/thumb/v7e-m\libgcc.a
LOAD c:/program files/gnu tools arm embedded/6 2017-q1-update/bin/../lib/gcc/arm-none-eabi/6.3.1/../../../../arm-none-eabi/lib/thumb/v7e-m\libg.a
LOAD c:/program files/gnu tools arm embedded/6 2017-q1-update/bin/../lib/gcc/arm-none-eabi/6.3.1/../../../../arm-none-eabi/lib/thumb/v7e-m\libc.a
END GROUP
OUTPUT(Audio_test.elf elf32-littlearm)

.debug_info     0x00000000    0x4603c
 .debug_info    0x00000000     0x1b3a ..\obj\usbh_msc_core.o
 .debug_info    0x00001b3a      0xc95 ..\obj\syscalls.o
 .debug_info    0x000027cf     0x2663 ..\obj\stm32f4xx_it.o
 .debug_info    0x00004e32      0xbcf ..\obj\stm32f4xx_spi.o
 .debug_info    0x00005a01     0x14f0 ..\obj\mp3dec.o
 .debug_info    0x00006ef1     0x2755 ..\obj\usb_core.o
 .debug_info    0x00009646     0x3757 ..\obj\stm32f4_discovery_audio_codec.o
 .debug_info    0x0000cd9d     0x138d ..\obj\bitstream.o
 .debug_info    0x0000e12a      0xbaf ..\obj\usbh_hcs.o
 .debug_info    0x0000ecd9      0x6ac ..\obj\stm32f4xx_dac.o
 .debug_info    0x0000f385      0xde9 ..\obj\usb_hcd.o
 .debug_info    0x0001016e      0x2bf ..\obj\stm32f4xx_syscfg.o
 .debug_info    0x0001042d      0x12f ..\obj\startup_stm32f4xx.o
 .debug_info    0x0001055c     0x1c4c ..\obj\stm32f4_discovery_lis302dl.o
 .debug_info    0x000121a8      0xd0a ..\obj\stm32f4xx_rcc.o
 .debug_info    0x00012eb2     0x1d47 ..\obj\Audio.o
 .debug_info    0x00014bf9      0x5e9 ..\obj\system_stm32f4xx.o
 .debug_info    0x000151e2      0x477 ..\obj\trigtabs_fixpt.o
 .debug_info    0x00015659     0x1a20 ..\obj\usbh_msc_bot.o
 .debug_info    0x00017079     0x225d ..\obj\usbh_usr.o
 .debug_info    0x000192d6     0x184e ..\obj\usbh_msc_fatfs.o
 .debug_info    0x0001ab24     0x1a5c ..\obj\usbh_stdreq.o
 .debug_info    0x0001c580     0x3102 ..\obj\polyphase.o
 .debug_info    0x0001f682     0x3b43 ..\obj\main.o
 .debug_info    0x000231c5      0x7e4 ..\obj\stm32f4xx_gpio.o
 .debug_info    0x000239a9      0xc69 ..\obj\dqchan.o
 .debug_info    0x00024612      0x74e ..\obj\stm32f4xx_dma.o
 .debug_info    0x00024d60      0xdd4 ..\obj\huffman.o
 .debug_info    0x00025b34     0x1616 ..\obj\usbh_ioreq.o
 .debug_info    0x0002714a     0x153f ..\obj\buffers.o
 .debug_info    0x00028689       0x7a ..\obj\fattime.o
 .debug_info    0x00028703     0x191c ..\obj\usb_bsp.o
 .debug_info    0x0002a01f      0x54d ..\obj\misc.o
 .debug_info    0x0002a56c     0x340b ..\obj\waveplayer.o
 .debug_info    0x0002d977      0xbce ..\obj\stm32f4xx_i2c.o
 .debug_info    0x0002e545     0x2c8c ..\obj\waverecorder.o
 .debug_info    0x000311d1     0x1bd9 ..\obj\usbh_core.o
 .debug_info    0x00032daa      0xf19 ..\obj\scalfact.o
 .debug_info    0x00033cc3      0x20c ..\obj\mp3tabs.o
 .debug_info    0x00033ecf     0x34a3 ..\obj\imdct.o
 .debug_info    0x00037372      0x448 ..\obj\hufftabs.o
 .debug_info    0x000377ba      0xf58 ..\obj\stproc.o
 .debug_info    0x00038712      0xbf9 ..\obj\dequant.o
 .debug_info    0x0003930b      0x367 ..\obj\stm32f4xx_exti.o
 .debug_info    0x00039672     0x520b ..\obj\ff.o
 .debug_info    0x0003e87d      0xf12 ..\obj\dct32.o
 .debug_info    0x0003f78f      0x7f1 ..\obj\subband.o
 .debug_info    0x0003ff80     0x2503 ..\obj\stm32f4xx_tim.o
 .debug_info    0x00042483     0x2125 ..\obj\usb_hcd_int.o
 .debug_info    0x000445a8     0x10d0 ..\obj\usbh_msc_scsi.o
 .debug_info    0x00045678      0x9c4 ..\obj\stm32f4_discovery.o

.debug_abbrev   0x00000000     0x819c
 .debug_abbrev  0x00000000      0x39e ..\obj\usbh_msc_core.o
 .debug_abbrev  0x0000039e      0x22b ..\obj\syscalls.o
 .debug_abbrev  0x000005c9      0x364 ..\obj\stm32f4xx_it.o
 .debug_abbrev  0x0000092d      0x1d1 ..\obj\stm32f4xx_spi.o
 .debug_abbrev  0x00000afe      0x3f1 ..\obj\mp3dec.o
 .debug_abbrev  0x00000eef      0x451 ..\obj\usb_core.o
 .debug_abbrev  0x00001340      0x36b ..\obj\stm32f4_discovery_audio_codec.o
 .debug_abbrev  0x000016ab      0x2c7 ..\obj\bitstream.o
 .debug_abbrev  0x00001972      0x230 ..\obj\usbh_hcs.o
 .debug_abbrev  0x00001ba2      0x231 ..\obj\stm32f4xx_dac.o
 .debug_abbrev  0x00001dd3      0x205 ..\obj\usb_hcd.o
 .debug_abbrev  0x00001fd8      0x173 ..\obj\stm32f4xx_syscfg.o
 .debug_abbrev  0x0000214b       0xf4 ..\obj\startup_stm32f4xx.o
 .debug_abbrev  0x0000223f      0x2cc ..\obj\stm32f4_discovery_lis302dl.o
 .debug_abbrev  0x0000250b      0x2a6 ..\obj\stm32f4xx_rcc.o
 .debug_abbrev  0x000027b1      0x3f8 ..\obj\Audio.o
 .debug_abbrev  0x00002ba9      0x17b ..\obj\system_stm32f4xx.o
 .debug_abbrev  0x00002d24       0xec ..\obj\trigtabs_fixpt.o
 .debug_abbrev  0x00002e10      0x2f0 ..\obj\usbh_msc_bot.o
 .debug_abbrev  0x00003100      0x3d1 ..\obj\usbh_usr.o
 .debug_abbrev  0x000034d1      0x277 ..\obj\usbh_msc_fatfs.o
 .debug_abbrev  0x00003748      0x37a ..\obj\usbh_stdreq.o
 .debug_abbrev  0x00003ac2      0x2a1 ..\obj\polyphase.o
 .debug_abbrev  0x00003d63      0x4ba ..\obj\main.o
 .debug_abbrev  0x0000421d      0x204 ..\obj\stm32f4xx_gpio.o
 .debug_abbrev  0x00004421      0x24e ..\obj\dqchan.o
 .debug_abbrev  0x0000466f      0x1e6 ..\obj\stm32f4xx_dma.o
 .debug_abbrev  0x00004855      0x262 ..\obj\huffman.o
 .debug_abbrev  0x00004ab7      0x274 ..\obj\usbh_ioreq.o
 .debug_abbrev  0x00004d2b      0x2b1 ..\obj\buffers.o
 .debug_abbrev  0x00004fdc       0x4f ..\obj\fattime.o
 .debug_abbrev  0x0000502b      0x32f ..\obj\usb_bsp.o
 .debug_abbrev  0x0000535a      0x17f ..\obj\misc.o
 .debug_abbrev  0x000054d9      0x4e6 ..\obj\waveplayer.o
 .debug_abbrev  0x000059bf      0x262 ..\obj\stm32f4xx_i2c.o
 .debug_abbrev  0x00005c21      0x440 ..\obj\waverecorder.o
 .debug_abbrev  0x00006061      0x3b4 ..\obj\usbh_core.o
 .debug_abbrev  0x00006415      0x225 ..\obj\scalfact.o
 .debug_abbrev  0x0000663a       0x86 ..\obj\mp3tabs.o
 .debug_abbrev  0x000066c0      0x369 ..\obj\imdct.o
 .debug_abbrev  0x00006a29       0xdb ..\obj\hufftabs.o
 .debug_abbrev  0x00006b04      0x246 ..\obj\stproc.o
 .debug_abbrev  0x00006d4a      0x218 ..\obj\dequant.o
 .debug_abbrev  0x00006f62      0x206 ..\obj\stm32f4xx_exti.o
 .debug_abbrev  0x00007168      0x33d ..\obj\ff.o
 .debug_abbrev  0x000074a5      0x1d9 ..\obj\dct32.o
 .debug_abbrev  0x0000767e      0x18d ..\obj\subband.o
 .debug_abbrev  0x0000780b      0x299 ..\obj\stm32f4xx_tim.o
 .debug_abbrev  0x00007aa4      0x2c9 ..\obj\usb_hcd_int.o
 .debug_abbrev  0x00007d6d      0x251 ..\obj\usbh_msc_scsi.o
 .debug_abbrev  0x00007fbe      0x1de ..\obj\stm32f4_discovery.o

.debug_loc      0x00000000    0x2c010
 .debug_loc     0x00000000      0x2f0 ..\obj\usbh_msc_core.o
 .debug_loc     0x000002f0      0x11f ..\obj\syscalls.o
 .debug_loc     0x0000040f      0x6e1 ..\obj\stm32f4xx_spi.o
 .debug_loc     0x00000af0      0x935 ..\obj\mp3dec.o
 .debug_loc     0x00001425     0x154e ..\obj\usb_core.o
 .debug_loc     0x00002973     0x10b1 ..\obj\stm32f4_discovery_audio_codec.o
 .debug_loc     0x00003a24     0x676c ..\obj\bitstream.o
 .debug_loc     0x0000a190      0x456 ..\obj\usbh_hcs.o
 .debug_loc     0x0000a5e6      0x47a ..\obj\stm32f4xx_dac.o
 .debug_loc     0x0000aa60      0x2d5 ..\obj\usb_hcd.o
 .debug_loc     0x0000ad35       0x85 ..\obj\stm32f4xx_syscfg.o
 .debug_loc     0x0000adba      0x87b ..\obj\stm32f4_discovery_lis302dl.o
 .debug_loc     0x0000b635      0xaba ..\obj\stm32f4xx_rcc.o
 .debug_loc     0x0000c0ef      0x4ed ..\obj\Audio.o
 .debug_loc     0x0000c5dc      0x13b ..\obj\system_stm32f4xx.o
 .debug_loc     0x0000c717      0x604 ..\obj\usbh_msc_bot.o
 .debug_loc     0x0000cd1b      0x318 ..\obj\usbh_msc_fatfs.o
 .debug_loc     0x0000d033      0x856 ..\obj\usbh_stdreq.o
 .debug_loc     0x0000d889     0x2ea3 ..\obj\polyphase.o
 .debug_loc     0x0001072c      0x64a ..\obj\main.o
 .debug_loc     0x00010d76      0x36b ..\obj\stm32f4xx_gpio.o
 .debug_loc     0x000110e1      0xa5b ..\obj\dqchan.o
 .debug_loc     0x00011b3c      0x3e7 ..\obj\stm32f4xx_dma.o
 .debug_loc     0x00011f23     0x13ab ..\obj\huffman.o
 .debug_loc     0x000132ce      0x585 ..\obj\usbh_ioreq.o
 .debug_loc     0x00013853      0x1d8 ..\obj\usb_bsp.o
 .debug_loc     0x00013a2b      0x152 ..\obj\misc.o
 .debug_loc     0x00013b7d      0x647 ..\obj\waveplayer.o
 .debug_loc     0x000141c4      0x66a ..\obj\stm32f4xx_i2c.o
 .debug_loc     0x0001482e      0x293 ..\obj\waverecorder.o
 .debug_loc     0x00014ac1      0xc46 ..\obj\usbh_core.o
 .debug_loc     0x00015707     0x154a ..\obj\scalfact.o
 .debug_loc     0x00016c51     0x639f ..\obj\imdct.o
 .debug_loc     0x0001cff0     0x183e ..\obj\stproc.o
 .debug_loc     0x0001e82e      0x28e ..\obj\dequant.o
 .debug_loc     0x0001eabc      0x212 ..\obj\stm32f4xx_exti.o
 .debug_loc     0x0001ecce     0x82fe ..\obj\ff.o
 .debug_loc     0x00026fcc     0x2083 ..\obj\dct32.o
 .debug_loc     0x0002904f      0x175 ..\obj\subband.o
 .debug_loc     0x000291c4     0x20e6 ..\obj\stm32f4xx_tim.o
 .debug_loc     0x0002b2aa      0x8c3 ..\obj\usb_hcd_int.o
 .debug_loc     0x0002bb6d      0x3fe ..\obj\usbh_msc_scsi.o
 .debug_loc     0x0002bf6b       0xa5 ..\obj\stm32f4_discovery.o

.debug_aranges  0x00000000      0x650
 .debug_aranges
                0x00000000       0x20 ..\obj\usbh_msc_core.o
 .debug_aranges
                0x00000020       0x20 ..\obj\syscalls.o
 .debug_aranges
                0x00000040       0x20 ..\obj\stm32f4xx_it.o
 .debug_aranges
                0x00000060       0x20 ..\obj\stm32f4xx_spi.o
 .debug_aranges
                0x00000080       0x20 ..\obj\mp3dec.o
 .debug_aranges
                0x000000a0       0x20 ..\obj\usb_core.o
 .debug_aranges
                0x000000c0       0x20 ..\obj\stm32f4_discovery_audio_codec.o
 .debug_aranges
                0x000000e0       0x20 ..\obj\bitstream.o
 .debug_aranges
                0x00000100       0x20 ..\obj\usbh_hcs.o
 .debug_aranges
                0x00000120       0x20 ..\obj\stm32f4xx_dac.o
 .debug_aranges
                0x00000140       0x20 ..\obj\usb_hcd.o
 .debug_aranges
                0x00000160       0x20 ..\obj\stm32f4xx_syscfg.o
 .debug_aranges
                0x00000180       0x20 ..\obj\startup_stm32f4xx.o
 .debug_aranges
                0x000001a0       0x20 ..\obj\stm32f4_discovery_lis302dl.o
 .debug_aranges
                0x000001c0       0x20 ..\obj\stm32f4xx_rcc.o
 .debug_aranges
                0x000001e0       0x20 ..\obj\Audio.o
 .debug_aranges
                0x00000200       0x20 ..\obj\system_stm32f4xx.o
 .debug_aranges
                0x00000220       0x18 ..\obj\trigtabs_fixpt.o
 .debug_aranges
                0x00000238       0x20 ..\obj\usbh_msc_bot.o
 .debug_aranges
                0x00000258       0x20 ..\obj\usbh_usr.o
 .debug_aranges
                0x00000278       0x20 ..\obj\usbh_msc_fatfs.o
 .debug_aranges
                0x00000298       0x20 ..\obj\usbh_stdreq.o
 .debug_aranges
                0x000002b8       0x20 ..\obj\polyphase.o
 .debug_aranges
                0x000002d8       0x28 ..\obj\main.o
 .debug_aranges
                0x00000300       0x20 ..\obj\stm32f4xx_gpio.o
 .debug_aranges
                0x00000320       0x20 ..\obj\dqchan.o
 .debug_aranges
                0x00000340       0x20 ..\obj\stm32f4xx_dma.o
 .debug_aranges
                0x00000360       0x20 ..\obj\huffman.o
 .debug_aranges
                0x00000380       0x20 ..\obj\usbh_ioreq.o
 .debug_aranges
                0x000003a0       0x20 ..\obj\buffers.o
 .debug_aranges
                0x000003c0       0x20 ..\obj\fattime.o
 .debug_aranges
                0x000003e0       0x20 ..\obj\usb_bsp.o
 .debug_aranges
                0x00000400       0x20 ..\obj\misc.o
 .debug_aranges
                0x00000420       0x20 ..\obj\waveplayer.o
 .debug_aranges
                0x00000440       0x20 ..\obj\stm32f4xx_i2c.o
 .debug_aranges
                0x00000460       0x20 ..\obj\waverecorder.o
 .debug_aranges
                0x00000480       0x20 ..\obj\usbh_core.o
 .debug_aranges
                0x000004a0       0x20 ..\obj\scalfact.o
 .debug_aranges
                0x000004c0       0x18 ..\obj\mp3tabs.o
 .debug_aranges
                0x000004d8       0x20 ..\obj\imdct.o
 .debug_aranges
                0x000004f8       0x18 ..\obj\hufftabs.o
 .debug_aranges
                0x00000510       0x20 ..\obj\stproc.o
 .debug_aranges
                0x00000530       0x20 ..\obj\dequant.o
 .debug_aranges
                0x00000550       0x20 ..\obj\stm32f4xx_exti.o
 .debug_aranges
                0x00000570       0x20 ..\obj\ff.o
 .debug_aranges
                0x00000590       0x20 ..\obj\dct32.o
 .debug_aranges
                0x000005b0       0x20 ..\obj\subband.o
 .debug_aranges
                0x000005d0       0x20 ..\obj\stm32f4xx_tim.o
 .debug_aranges
                0x000005f0       0x20 ..\obj\usb_hcd_int.o
 .debug_aranges
                0x00000610       0x20 ..\obj\usbh_msc_scsi.o
 .debug_aranges
                0x00000630       0x20 ..\obj\stm32f4_discovery.o

.debug_ranges   0x00000000     0x4d98
 .debug_ranges  0x00000000       0x68 ..\obj\usbh_msc_core.o
 .debug_ranges  0x00000068       0x48 ..\obj\mp3dec.o
 .debug_ranges  0x000000b0       0xd8 ..\obj\usb_core.o
 .debug_ranges  0x00000188      0x5c0 ..\obj\stm32f4_discovery_audio_codec.o
 .debug_ranges  0x00000748      0x938 ..\obj\bitstream.o
 .debug_ranges  0x00001080       0x28 ..\obj\usbh_hcs.o
 .debug_ranges  0x000010a8      0x350 ..\obj\stm32f4_discovery_lis302dl.o
 .debug_ranges  0x000013f8       0x20 ..\obj\stm32f4xx_rcc.o
 .debug_ranges  0x00001418      0x348 ..\obj\Audio.o
 .debug_ranges  0x00001760       0x18 ..\obj\system_stm32f4xx.o
 .debug_ranges  0x00001778       0x28 ..\obj\usbh_msc_bot.o
 .debug_ranges  0x000017a0       0x48 ..\obj\usbh_usr.o
 .debug_ranges  0x000017e8       0xe0 ..\obj\usbh_stdreq.o
 .debug_ranges  0x000018c8      0x280 ..\obj\polyphase.o
 .debug_ranges  0x00001b48      0x118 ..\obj\main.o
 .debug_ranges  0x00001c60       0x18 ..\obj\dqchan.o
 .debug_ranges  0x00001c78       0xa8 ..\obj\huffman.o
 .debug_ranges  0x00001d20       0x20 ..\obj\usbh_ioreq.o
 .debug_ranges  0x00001d40       0x90 ..\obj\usb_bsp.o
 .debug_ranges  0x00001dd0       0x68 ..\obj\waveplayer.o
 .debug_ranges  0x00001e38       0x60 ..\obj\waverecorder.o
 .debug_ranges  0x00001e98       0x40 ..\obj\usbh_core.o
 .debug_ranges  0x00001ed8       0x70 ..\obj\scalfact.o
 .debug_ranges  0x00001f48     0x1880 ..\obj\imdct.o
 .debug_ranges  0x000037c8      0x1e8 ..\obj\stproc.o
 .debug_ranges  0x000039b0     0x1048 ..\obj\ff.o
 .debug_ranges  0x000049f8      0x308 ..\obj\dct32.o
 .debug_ranges  0x00004d00       0x98 ..\obj\stm32f4xx_tim.o

.debug_line     0x00000000     0xfbef
 .debug_line    0x00000000      0x3f7 ..\obj\usbh_msc_core.o
 .debug_line    0x000003f7      0x24a ..\obj\syscalls.o
 .debug_line    0x00000641      0x555 ..\obj\stm32f4xx_it.o
 .debug_line    0x00000b96      0x3d6 ..\obj\stm32f4xx_spi.o
 .debug_line    0x00000f6c      0x3f6 ..\obj\mp3dec.o
 .debug_line    0x00001362      0x7da ..\obj\usb_core.o
 .debug_line    0x00001b3c      0x9be ..\obj\stm32f4_discovery_audio_codec.o
 .debug_line    0x000024fa      0x793 ..\obj\bitstream.o
 .debug_line    0x00002c8d      0x2c7 ..\obj\usbh_hcs.o
 .debug_line    0x00002f54      0x314 ..\obj\stm32f4xx_dac.o
 .debug_line    0x00003268      0x2d2 ..\obj\usb_hcd.o
 .debug_line    0x0000353a      0x291 ..\obj\stm32f4xx_syscfg.o
 .debug_line    0x000037cb       0x9d ..\obj\startup_stm32f4xx.o
 .debug_line    0x00003868      0x629 ..\obj\stm32f4_discovery_lis302dl.o
 .debug_line    0x00003e91      0x3f3 ..\obj\stm32f4xx_rcc.o
 .debug_line    0x00004284      0x6e8 ..\obj\Audio.o
 .debug_line    0x0000496c      0x22b ..\obj\system_stm32f4xx.o
 .debug_line    0x00004b97       0xea ..\obj\trigtabs_fixpt.o
 .debug_line    0x00004c81      0x439 ..\obj\usbh_msc_bot.o
 .debug_line    0x000050ba      0x4c6 ..\obj\usbh_usr.o
 .debug_line    0x00005580      0x38b ..\obj\usbh_msc_fatfs.o
 .debug_line    0x0000590b      0x3e6 ..\obj\usbh_stdreq.o
 .debug_line    0x00005cf1      0x961 ..\obj\polyphase.o
 .debug_line    0x00006652      0x6fc ..\obj\main.o
 .debug_line    0x00006d4e      0x35f ..\obj\stm32f4xx_gpio.o
 .debug_line    0x000070ad      0x2d2 ..\obj\dqchan.o
 .debug_line    0x0000737f      0x3c8 ..\obj\stm32f4xx_dma.o
 .debug_line    0x00007747      0x357 ..\obj\huffman.o
 .debug_line    0x00007a9e      0x324 ..\obj\usbh_ioreq.o
 .debug_line    0x00007dc2      0x252 ..\obj\buffers.o
 .debug_line    0x00008014       0xd7 ..\obj\fattime.o
 .debug_line    0x000080eb      0x433 ..\obj\usb_bsp.o
 .debug_line    0x0000851e      0x29a ..\obj\misc.o
 .debug_line    0x000087b8      0x76a ..\obj\waveplayer.o
 .debug_line    0x00008f22      0x3ed ..\obj\stm32f4xx_i2c.o
 .debug_line    0x0000930f      0x5fc ..\obj\waverecorder.o
 .debug_line    0x0000990b      0x4de ..\obj\usbh_core.o
 .debug_line    0x00009de9      0x250 ..\obj\scalfact.o
 .debug_line    0x0000a039       0xd3 ..\obj\mp3tabs.o
 .debug_line    0x0000a10c     0x1a32 ..\obj\imdct.o
 .debug_line    0x0000bb3e       0xe4 ..\obj\hufftabs.o
 .debug_line    0x0000bc22      0x61c ..\obj\stproc.o
 .debug_line    0x0000c23e      0x1cb ..\obj\dequant.o
 .debug_line    0x0000c409      0x2ca ..\obj\stm32f4xx_exti.o
 .debug_line    0x0000c6d3     0x18f1 ..\obj\ff.o
 .debug_line    0x0000dfc4      0x647 ..\obj\dct32.o
 .debug_line    0x0000e60b      0x195 ..\obj\subband.o
 .debug_line    0x0000e7a0      0x851 ..\obj\stm32f4xx_tim.o
 .debug_line    0x0000eff1      0x449 ..\obj\usb_hcd_int.o
 .debug_line    0x0000f43a      0x4a4 ..\obj\usbh_msc_scsi.o
 .debug_line    0x0000f8de      0x311 ..\obj\stm32f4_discovery.o

.debug_str      0x00000000     0x920c
 .debug_str     0x00000000     0x1523 ..\obj\usbh_msc_core.o